Archive member included to satisfy reference by file (symbol)

c:/gcc-arm-none-eabi-10.3-2021.10/bin/../lib/gcc/arm-none-eabi/10.3.1/../../../../arm-none-eabi/lib/thumb/v7e-m/nofp\libstdc++.a(del_ops.o)
                              Libraries/FEHIO.o (operator delete(void*, unsigned int))
c:/gcc-arm-none-eabi-10.3-2021.10/bin/../lib/gcc/arm-none-eabi/10.3.1/../../../../arm-none-eabi/lib/thumb/v7e-m/nofp\libstdc++.a(new_op.o)
                              Libraries/FEHIO.o (operator new(unsigned int))
c:/gcc-arm-none-eabi-10.3-2021.10/bin/../lib/gcc/arm-none-eabi/10.3.1/../../../../arm-none-eabi/lib/thumb/v7e-m/nofp\libstdc++.a(bad_alloc.o)
                              c:/gcc-arm-none-eabi-10.3-2021.10/bin/../lib/gcc/arm-none-eabi/10.3.1/../../../../arm-none-eabi/lib/thumb/v7e-m/nofp\libstdc++.a(new_op.o) (std::bad_alloc::~bad_alloc())
c:/gcc-arm-none-eabi-10.3-2021.10/bin/../lib/gcc/arm-none-eabi/10.3.1/../../../../arm-none-eabi/lib/thumb/v7e-m/nofp\libstdc++.a(del_op.o)
                              c:/gcc-arm-none-eabi-10.3-2021.10/bin/../lib/gcc/arm-none-eabi/10.3.1/../../../../arm-none-eabi/lib/thumb/v7e-m/nofp\libstdc++.a(del_ops.o) (operator delete(void*))
c:/gcc-arm-none-eabi-10.3-2021.10/bin/../lib/gcc/arm-none-eabi/10.3.1/../../../../arm-none-eabi/lib/thumb/v7e-m/nofp\libstdc++.a(eh_alloc.o)
                              c:/gcc-arm-none-eabi-10.3-2021.10/bin/../lib/gcc/arm-none-eabi/10.3.1/../../../../arm-none-eabi/lib/thumb/v7e-m/nofp\libstdc++.a(new_op.o) (__cxa_allocate_exception)
c:/gcc-arm-none-eabi-10.3-2021.10/bin/../lib/gcc/arm-none-eabi/10.3.1/../../../../arm-none-eabi/lib/thumb/v7e-m/nofp\libstdc++.a(eh_exception.o)
                              c:/gcc-arm-none-eabi-10.3-2021.10/bin/../lib/gcc/arm-none-eabi/10.3.1/../../../../arm-none-eabi/lib/thumb/v7e-m/nofp\libstdc++.a(bad_alloc.o) (std::exception::~exception())
c:/gcc-arm-none-eabi-10.3-2021.10/bin/../lib/gcc/arm-none-eabi/10.3.1/../../../../arm-none-eabi/lib/thumb/v7e-m/nofp\libstdc++.a(eh_terminate.o)
                              c:/gcc-arm-none-eabi-10.3-2021.10/bin/../lib/gcc/arm-none-eabi/10.3.1/../../../../arm-none-eabi/lib/thumb/v7e-m/nofp\libstdc++.a(eh_alloc.o) (std::terminate())
c:/gcc-arm-none-eabi-10.3-2021.10/bin/../lib/gcc/arm-none-eabi/10.3.1/../../../../arm-none-eabi/lib/thumb/v7e-m/nofp\libstdc++.a(eh_throw.o)
                              c:/gcc-arm-none-eabi-10.3-2021.10/bin/../lib/gcc/arm-none-eabi/10.3.1/../../../../arm-none-eabi/lib/thumb/v7e-m/nofp\libstdc++.a(new_op.o) (__cxa_throw)
c:/gcc-arm-none-eabi-10.3-2021.10/bin/../lib/gcc/arm-none-eabi/10.3.1/../../../../arm-none-eabi/lib/thumb/v7e-m/nofp\libstdc++.a(eh_unex_handler.o)
                              c:/gcc-arm-none-eabi-10.3-2021.10/bin/../lib/gcc/arm-none-eabi/10.3.1/../../../../arm-none-eabi/lib/thumb/v7e-m/nofp\libstdc++.a(eh_terminate.o) (__cxxabiv1::__unexpected_handler)
c:/gcc-arm-none-eabi-10.3-2021.10/bin/../lib/gcc/arm-none-eabi/10.3.1/../../../../arm-none-eabi/lib/thumb/v7e-m/nofp\libstdc++.a(new_handler.o)
                              c:/gcc-arm-none-eabi-10.3-2021.10/bin/../lib/gcc/arm-none-eabi/10.3.1/../../../../arm-none-eabi/lib/thumb/v7e-m/nofp\libstdc++.a(new_op.o) (std::get_new_handler())
c:/gcc-arm-none-eabi-10.3-2021.10/bin/../lib/gcc/arm-none-eabi/10.3.1/../../../../arm-none-eabi/lib/thumb/v7e-m/nofp\libstdc++.a(pure.o)
                              c:/gcc-arm-none-eabi-10.3-2021.10/bin/../lib/gcc/arm-none-eabi/10.3.1/../../../../arm-none-eabi/lib/thumb/v7e-m/nofp\libstdc++.a(eh_exception.o) (__cxa_pure_virtual)
c:/gcc-arm-none-eabi-10.3-2021.10/bin/../lib/gcc/arm-none-eabi/10.3.1/../../../../arm-none-eabi/lib/thumb/v7e-m/nofp\libstdc++.a(si_class_type_info.o)
                              c:/gcc-arm-none-eabi-10.3-2021.10/bin/../lib/gcc/arm-none-eabi/10.3.1/../../../../arm-none-eabi/lib/thumb/v7e-m/nofp\libstdc++.a(bad_alloc.o) (vtable for __cxxabiv1::__si_class_type_info)
c:/gcc-arm-none-eabi-10.3-2021.10/bin/../lib/gcc/arm-none-eabi/10.3.1/../../../../arm-none-eabi/lib/thumb/v7e-m/nofp\libstdc++.a(tinfo.o)
                              c:/gcc-arm-none-eabi-10.3-2021.10/bin/../lib/gcc/arm-none-eabi/10.3.1/../../../../arm-none-eabi/lib/thumb/v7e-m/nofp\libstdc++.a(si_class_type_info.o) (std::type_info::__is_pointer_p() const)
c:/gcc-arm-none-eabi-10.3-2021.10/bin/../lib/gcc/arm-none-eabi/10.3.1/../../../../arm-none-eabi/lib/thumb/v7e-m/nofp\libstdc++.a(vterminate.o)
                              c:/gcc-arm-none-eabi-10.3-2021.10/bin/../lib/gcc/arm-none-eabi/10.3.1/../../../../arm-none-eabi/lib/thumb/v7e-m/nofp\libstdc++.a(eh_terminate.o) (__gnu_cxx::__verbose_terminate_handler())
c:/gcc-arm-none-eabi-10.3-2021.10/bin/../lib/gcc/arm-none-eabi/10.3.1/../../../../arm-none-eabi/lib/thumb/v7e-m/nofp\libstdc++.a(class_type_info.o)
[...]
Memory Configuration

Name             Origin             Length             Attributes
PROGRAM_FLASH    0x0000c000         0x00073c00         xr
SRAM_UPPER       0x20000000         0x00010000         xrw
SRAM_LOWER       0x1fff0000         0x00010000         xrw
*default*        0x00000000         0xffffffff

Linker script and memory map

LOAD c:/gcc-arm-none-eabi-10.3-2021.10/bin/../lib/gcc/arm-none-eabi/10.3.1/thumb/v7e-m/nofp/crti.o
LOAD c:/gcc-arm-none-eabi-10.3-2021.10/bin/../lib/gcc/arm-none-eabi/10.3.1/thumb/v7e-m/nofp/crtbegin.o
LOAD c:/gcc-arm-none-eabi-10.3-2021.10/bin/../lib/gcc/arm-none-eabi/10.3.1/../../../../arm-none-eabi/lib/thumb/v7e-m/nofp/crt0.o
LOAD ../main.o
LOAD Startup/startup_mk60d10.o
LOAD Libraries/FEHMotor.o
LOAD Drivers/mcg.o
LOAD Drivers/i2c.o
LOAD Drivers/spi.o
LOAD Drivers/uart.o
LOAD Drivers/ff.o
LOAD Drivers/SDHC.o
LOAD Drivers/lptmr.o
LOAD FEHProteus.o
LOAD Drivers/FEHPropeller.o
LOAD Libraries/FEHUtility.o
LOAD Libraries/FEHIO.o
LOAD Drivers/adc16.o
LOAD Libraries/FEHBuzzer.o
LOAD Libraries/FEHServo.o
LOAD Libraries/FEHLCD.o
LOAD Libraries/FEHAccel.o
LOAD Libraries/FEHBattery.o
LOAD Drivers/FEHXBee.o
LOAD Libraries/FEHRCS.o
LOAD Libraries/FEHSD.o
LOAD Libraries/FEHRandom.o
LOAD c:/gcc-arm-none-eabi-10.3-2021.10/bin/../lib/gcc/arm-none-eabi/10.3.1/../../../../arm-none-eabi/lib/thumb/v7e-m/nofp\libstdc++.a
LOAD c:/gcc-arm-none-eabi-10.3-2021.10/bin/../lib/gcc/arm-none-eabi/10.3.1/../../../../arm-none-eabi/lib/thumb/v7e-m/nofp\libm.a
START GROUP
LOAD c:/gcc-arm-none-eabi-10.3-2021.10/bin/../lib/gcc/arm-none-eabi/10.3.1/thumb/v7e-m/nofp\libgcc.a
LOAD c:/gcc-arm-none-eabi-10.3-2021.10/bin/../lib/gcc/arm-none-eabi/10.3.1/../../../../arm-none-eabi/lib/thumb/v7e-m/nofp\libg.a
LOAD c:/gcc-arm-none-eabi-10.3-2021.10/bin/../lib/gcc/arm-none-eabi/10.3.1/../../../../arm-none-eabi/lib/thumb/v7e-m/nofp\libc.a
END GROUP
START GROUP
LOAD c:/gcc-arm-none-eabi-10.3-2021.10/bin/../lib/gcc/arm-none-eabi/10.3.1/thumb/v7e-m/nofp\libgcc.a
LOAD c:/gcc-arm-none-eabi-10.3-2021.10/bin/../lib/gcc/arm-none-eabi/10.3.1/../../../../arm-none-eabi/lib/thumb/v7e-m/nofp\libc.a
LOAD c:/gcc-arm-none-eabi-10.3-2021.10/bin/../lib/gcc/arm-none-eabi/10.3.1/../../../../arm-none-eabi/lib/thumb/v7e-m/nofp\libnosys.a
END GROUP
LOAD c:/gcc-arm-none-eabi-10.3-2021.10/bin/../lib/gcc/arm-none-eabi/10.3.1/thumb/v7e-m/nofp/crtend.o
LOAD c:/gcc-arm-none-eabi-10.3-2021.10/bin/../lib/gcc/arm-none-eabi/10.3.1/thumb/v7e-m/nofp/crtn.o
                0x0000c000                __base_PROGRAM_FLASH = 0xc000
                0x0000c000                __base_Flash = 0xc000
                0x0007fc00                __top_PROGRAM_FLASH = 0x7fc00
                0x0007fc00                __top_Flash = 0x7fc00
                0x20000000                __base_SRAM_UPPER = 0x20000000
                0x20000000                __base_RAM = 0x20000000
                0x20010000                __top_SRAM_UPPER = 0x20010000
                0x20010000                __top_RAM = 0x20010000
                0x1fff0000                __base_SRAM_LOWER = 0x1fff0000
                0x1fff0000                __base_RAM2 = 0x1fff0000
                0x20000000                __top_SRAM_LOWER = 0x20000000
                0x20000000                __top_RAM2 = 0x20000000

.text           0x0000c000      0x410
 FILL mask 0xff
                0x0000c000                __vectors_start__ = ABSOLUTE (.)
 *(.isr_vector)
 .isr_vector    0x0000c000      0x1bc Startup/startup_mk60d10.o
                0x0000c000                g_pfnVectors
                0x0000c000                __Vectors
                0x0000c1bc                . = ALIGN (0x4)
                0x0000c1bc                __section_table_start = .
                0x0000c1bc                __data_section_table = .
                0x0000c1bc        0x4 LONG 0x1becc LOADADDR (.data)
                0x0000c1c0        0x4 LONG 0x20000000 ADDR (.data)
                0x0000c1c4        0x4 LONG 0x16c8 SIZEOF (.data)
                0x0000c1c8        0x4 LONG 0x1becc LOADADDR (.data_RAM2)
                0x0000c1cc        0x4 LONG 0x1fff0000 ADDR (.data_RAM2)
                0x0000c1d0        0x4 LONG 0x0 SIZEOF (.data_RAM2)
                0x0000c1d4                __data_section_table_end = .
                0x0000c1d4                __bss_section_table = .
                0x0000c1d4        0x4 LONG 0x200016c8 ADDR (.bss)
                0x0000c1d8        0x4 LONG 0x498 SIZEOF (.bss)
                0x0000c1dc        0x4 LONG 0x1fff0000 ADDR (.bss_RAM2)
                0x0000c1e0        0x4 LONG 0x0 SIZEOF (.bss_RAM2)
                0x0000c1e4                __bss_section_table_end = .
                0x0000c1e4                __section_table_end = .
 *(.after_vectors*)
 .after_vectors.init_data
                0x0000c1e4       0x42 Startup/startup_mk60d10.o
                0x0000c1e4                data_init(unsigned int, unsigned int, unsigned int)
 .after_vectors.init_bss
                0x0000c226       0x36 Startup/startup_mk60d10.o
                0x0000c226                bss_init(unsigned int, unsigned int)
 .after_vectors.reset
                0x0000c25c       0xb4 Startup/startup_mk60d10.o
                0x0000c25c                ResetISR
 .after_vectors
                0x0000c310       0x3c Startup/startup_mk60d10.o
                0x0000c310                NMI_Handler
                0x0000c316                HardFault_Handler
                0x0000c31c                MemManage_Handler
                0x0000c322                BusFault_Handler
                0x0000c328                UsageFault_Handler
                0x0000c32e                SVC_Handler
                0x0000c334                DebugMon_Handler
                0x0000c33a                PendSV_Handler
                0x0000c340                SysTick_Handler
                0x0000c346                DMA_Error_DriverIRQHandler
                0x0000c346                LPTMR0_DriverIRQHandler
                0x0000c346                FTM1_DriverIRQHandler
                0x0000c346                FTM2_DriverIRQHandler
                0x0000c346                PIT2_DriverIRQHandler
                0x0000c346                SDHC_DriverIRQHandler
                0x0000c346                I2S0_Tx_DriverIRQHandler
                0x0000c346                TSI0_DriverIRQHandler
                0x0000c346                RTC_Seconds_DriverIRQHandler
                0x0000c346                Reserved109_DriverIRQHandler
                0x0000c346                DMA6_DriverIRQHandler
                0x0000c346                LLWU_DriverIRQHandler
                0x0000c346                MCM_DriverIRQHandler
                0x0000c346                MCG_DriverIRQHandler
                0x0000c346                ENET_1588_Timer_DriverIRQHandler
                0x0000c346                DAC1_DriverIRQHandler
                0x0000c346                SPI1_DriverIRQHandler
                0x0000c346                CMP1_DriverIRQHandler
                0x0000c346                UART5_RX_TX_DriverIRQHandler
                0x0000c346                FTM0_DriverIRQHandler
                0x0000c346                IntDefaultHandler
                0x0000c346                USB0_DriverIRQHandler
                0x0000c346                UART5_ERR_DriverIRQHandler
                0x0000c346                DMA11_DriverIRQHandler
                0x0000c346                DAC0_DriverIRQHandler
                0x0000c346                DMA10_DriverIRQHandler
                0x0000c346                CMP2_DriverIRQHandler
                0x0000c346                UART2_ERR_DriverIRQHandler
                0x0000c346                SPI2_DriverIRQHandler
                0x0000c346                LVD_LVW_DriverIRQHandler
                0x0000c346                RNG_DriverIRQHandler
                0x0000c346                DMA12_DriverIRQHandler
                0x0000c346                DMA4_DriverIRQHandler
                0x0000c346                UART2_RX_TX_DriverIRQHandler
                0x0000c346                USBDCD_DriverIRQHandler
                0x0000c346                UART3_ERR_DriverIRQHandler
                0x0000c346                DMA3_DriverIRQHandler
                0x0000c346                DMA8_DriverIRQHandler
                0x0000c346                DMA9_DriverIRQHandler
                0x0000c346                UART0_ERR_DriverIRQHandler
                0x0000c346                CMT_DriverIRQHandler
                0x0000c346                ADC1_DriverIRQHandler
                0x0000c346                DMA14_DriverIRQHandler
                0x0000c346                PIT3_DriverIRQHandler
                0x0000c346                PIT1_DriverIRQHandler
                0x0000c346                WDOG_EWM_DriverIRQHandler
                0x0000c346                PDB0_DriverIRQHandler
                0x0000c346                Reserved95_DriverIRQHandler
                0x0000c346                RTC_DriverIRQHandler
                0x0000c346                I2S0_Rx_DriverIRQHandler
                0x0000c346                Read_Collision_DriverIRQHandler
                0x0000c346                SWI_DriverIRQHandler
                0x0000c346                UART4_RX_TX_DriverIRQHandler
                0x0000c346                UART4_ERR_DriverIRQHandler
                0x0000c346                DMA0_DriverIRQHandler
                0x0000c346                UART0_LON_DriverIRQHandler
                0x0000c346                Reserved102_DriverIRQHandler
                0x0000c346                DMA1_DriverIRQHandler
                0x0000c346                I2C1_DriverIRQHandler
                0x0000c346                UART3_RX_TX_DriverIRQHandler
                0x0000c346                ENET_Receive_DriverIRQHandler
                0x0000c346                DMA13_DriverIRQHandler
                0x0000c346                ENET_Error_DriverIRQHandler
                0x0000c346                DMA15_DriverIRQHandler
                0x0000c346                SPI0_DriverIRQHandler
                0x0000c346                ADC0_DriverIRQHandler
                0x0000c346                FTFL_DriverIRQHandler
                0x0000c346                CMP0_DriverIRQHandler
                0x0000c346                CAN0_DriverIRQHandler
                0x0000c346                Reserved59_DriverIRQHandler
                0x0000c346                DMA5_DriverIRQHandler
                0x0000c346                UART1_ERR_DriverIRQHandler
                0x0000c346                DMA2_DriverIRQHandler
                0x0000c346                ENET_Transmit_DriverIRQHandler
                0x0000c346                I2C0_DriverIRQHandler
                0x0000c346                CAN1_DriverIRQHandler
                0x0000c346                DMA7_DriverIRQHandler
                0x0000c346                UART1_RX_TX_DriverIRQHandler
                0x0000c346                Reserved108_DriverIRQHandler
                0x00000400                . = 0x400
 *fill*         0x0000c34c       0xb4 ff
                0x0000c400                PROVIDE (__FLASH_CONFIG_START__ = .)
 *(.FlashConfig)
 .FlashConfig   0x0000c400       0x10 Startup/startup_mk60d10.o
                0x0000c410                PROVIDE (__FLASH_CONFIG_END__ = .)
                0x00000001                ASSERT (! ((__FLASH_CONFIG_START__ == __FLASH_CONFIG_END__)), Linker Flash Config Support Enabled, but no .FlashConfig section provided within application)

.eh_frame       0x0000c410        0x0
 .eh_frame      0x0000c410        0x0 c:/gcc-arm-none-eabi-10.3-2021.10/bin/../lib/gcc/arm-none-eabi/10.3.1/thumb/v7e-m/nofp/crtbegin.o

.glue_7         0x0000c410        0x0
 .glue_7        0x0000c410        0x0 linker stubs

.glue_7t        0x0000c410        0x0
 .glue_7t       0x0000c410        0x0 linker stubs

.vfp11_veneer   0x0000c410        0x0
 .vfp11_veneer  0x0000c410        0x0 linker stubs

.v4_bx          0x0000c410        0x0
 .v4_bx         0x0000c410        0x0 linker stubs

.iplt           0x0000c410        0x0
 .iplt          0x0000c410        0x0 c:/gcc-arm-none-eabi-10.3-2021.10/bin/../lib/gcc/arm-none-eabi/10.3.1/thumb/v7e-m/nofp/crtbegin.o

.text           0x0000c440     0xfa84
 *(.text*)
 .text          0x0000c440       0x40 c:/gcc-arm-none-eabi-10.3-2021.10/bin/../lib/gcc/arm-none-eabi/10.3.1/thumb/v7e-m/nofp/crtbegin.o
 .text.main     0x0000c480       0xe0 ../main.o
                0x0000c480                main
 .text._Z11luggageDropf
                0x0000c560       0x98 ../main.o
                0x0000c560                luggageDrop(float)
 .text._Z9fuelLeverfi
                0x0000c5f8      0x12c ../main.o
                0x0000c5f8                fuelLever(float, int)
 .text._Z16fuelLeverToLightf
                0x0000c724      0x220 ../main.o
                0x0000c724                fuelLeverToLight(float)
 *fill*         0x0000c944        0x4 
 .text._Z11ticketKioskfi
                0x0000c948      0x16c ../main.o
                0x0000c948                ticketKiosk(float, int)
 .text._Z11fourthPointf
                0x0000cab4       0xec ../main.o
                0x0000cab4                fourthPoint(float)
 .text._Z10untilCountf8Movementi
                0x0000cba0      0x134 ../main.o
                0x0000cba0                untilCount(float, Movement, int)
 .text._Z11untilSwitchf8Movement15DigitalInputPin
                0x0000ccd4      0x128 ../main.o
                0x0000ccd4                untilSwitch(float, Movement, DigitalInputPin)
 .text._Z9untilTimef8Movementf
                0x0000cdfc      0x150 ../main.o
                0x0000cdfc                untilTime(float, Movement, float)
 .text._Z16driveForwardLeftf
                0x0000cf4c       0x30 ../main.o
                0x0000cf4c                driveForwardLeft(float)
 .text._Z12driveForwardf
                0x0000cf7c       0x30 ../main.o
                0x0000cf7c                driveForward(float)
 .text._Z13driveBackwardf
                0x0000cfac       0x30 ../main.o
                0x0000cfac                driveBackward(float)
 .text._Z10strafeLeftf
                0x0000cfdc       0x4c ../main.o
                0x0000cfdc                strafeLeft(float)
 .text._Z11strafeRightf
                0x0000d028       0x54 ../main.o
                0x0000d028                strafeRight(float)
 .text._Z9spinRightf
                0x0000d07c       0x34 ../main.o
                0x0000d07c                spinRight(float)
 .text._Z8spinLeftf
                0x0000d0b0       0x48 ../main.o
                0x0000d0b0                spinLeft(float)
 .text._Z41__static_initialization_and_destruction_0ii
                0x0000d0f8       0xc8 ../main.o
 .text._GLOBAL__sub_I_motorBack
                0x0000d1c0       0x10 ../main.o
 .text.PORTD_IRQHandler
                0x0000d1d0       0x50 Startup/startup_mk60d10.o
                0x0000d1d0                PORTD_IRQHandler
 .text._Z15InitPowerButtonv
                0x0000d220       0x60 Startup/startup_mk60d10.o
                0x0000d220                InitPowerButton()
 .text._ZL11pll_init_blv
                0x0000d280       0xe0 Startup/startup_mk60d10.o
 .text._Z14InitFEHProteusv
                0x0000d360       0xec Startup/startup_mk60d10.o
                0x0000d360                InitFEHProteus()
 .text.DMA0_IRQHandler
                0x0000d44c        0xc Startup/startup_mk60d10.o
                0x0000d44c                DMA0_IRQHandler
 .text.DMA1_IRQHandler
                0x0000d458        0xc Startup/startup_mk60d10.o
                0x0000d458                DMA1_IRQHandler
 .text.DMA2_IRQHandler
                0x0000d464        0xc Startup/startup_mk60d10.o
                0x0000d464                DMA2_IRQHandler
 .text.DMA3_IRQHandler
                0x0000d470        0xc Startup/startup_mk60d10.o
                0x0000d470                DMA3_IRQHandler
 .text.DMA4_IRQHandler
                0x0000d47c        0xc Startup/startup_mk60d10.o
                0x0000d47c                DMA4_IRQHandler
 .text.DMA5_IRQHandler
                0x0000d488        0xc Startup/startup_mk60d10.o
                0x0000d488                DMA5_IRQHandler
 .text.DMA6_IRQHandler
                0x0000d494        0xc Startup/startup_mk60d10.o
                0x0000d494                DMA6_IRQHandler
 .text.DMA7_IRQHandler
                0x0000d4a0        0xc Startup/startup_mk60d10.o
                0x0000d4a0                DMA7_IRQHandler
 .text.DMA8_IRQHandler
                0x0000d4ac        0xc Startup/startup_mk60d10.o
                0x0000d4ac                DMA8_IRQHandler
 .text.DMA9_IRQHandler
                0x0000d4b8        0xc Startup/startup_mk60d10.o
                0x0000d4b8                DMA9_IRQHandler
 .text.DMA10_IRQHandler
                0x0000d4c4        0xc Startup/startup_mk60d10.o
                0x0000d4c4                DMA10_IRQHandler
 .text.DMA11_IRQHandler
                0x0000d4d0        0xc Startup/startup_mk60d10.o
                0x0000d4d0                DMA11_IRQHandler
 .text.DMA12_IRQHandler
                0x0000d4dc        0xc Startup/startup_mk60d10.o
                0x0000d4dc                DMA12_IRQHandler
 .text.DMA13_IRQHandler
                0x0000d4e8        0xc Startup/startup_mk60d10.o
                0x0000d4e8                DMA13_IRQHandler
 .text.DMA14_IRQHandler
                0x0000d4f4        0xc Startup/startup_mk60d10.o
                0x0000d4f4                DMA14_IRQHandler
 .text.DMA15_IRQHandler
                0x0000d500        0xc Startup/startup_mk60d10.o
                0x0000d500                DMA15_IRQHandler
 .text.DMA_Error_IRQHandler
                0x0000d50c        0xc Startup/startup_mk60d10.o
                0x0000d50c                DMA_Error_IRQHandler
 .text.MCM_IRQHandler
                0x0000d518        0xc Startup/startup_mk60d10.o
                0x0000d518                MCM_IRQHandler
 .text.FTFL_IRQHandler
                0x0000d524        0xc Startup/startup_mk60d10.o
                0x0000d524                FTFL_IRQHandler
 .text.Read_Collision_IRQHandler
                0x0000d530        0xc Startup/startup_mk60d10.o
                0x0000d530                Read_Collision_IRQHandler
 .text.LVD_LVW_IRQHandler
                0x0000d53c        0xc Startup/startup_mk60d10.o
                0x0000d53c                LVD_LVW_IRQHandler
 .text.LLWU_IRQHandler
                0x0000d548        0xc Startup/startup_mk60d10.o
                0x0000d548                LLWU_IRQHandler
 .text.WDOG_EWM_IRQHandler
                0x0000d554        0xc Startup/startup_mk60d10.o
                0x0000d554                WDOG_EWM_IRQHandler
 .text.RNG_IRQHandler
                0x0000d560        0xc Startup/startup_mk60d10.o
                0x0000d560                RNG_IRQHandler
 .text.I2C0_IRQHandler
                0x0000d56c        0xc Startup/startup_mk60d10.o
                0x0000d56c                I2C0_IRQHandler
 .text.I2C1_IRQHandler
                0x0000d578        0xc Startup/startup_mk60d10.o
                0x0000d578                I2C1_IRQHandler
 .text.SPI0_IRQHandler
                0x0000d584        0xc Startup/startup_mk60d10.o
                0x0000d584                SPI0_IRQHandler
 .text.SPI1_IRQHandler
                0x0000d590        0xc Startup/startup_mk60d10.o
                0x0000d590                SPI1_IRQHandler
 .text.SPI2_IRQHandler
                0x0000d59c        0xc Startup/startup_mk60d10.o
                0x0000d59c                SPI2_IRQHandler
 .text.CAN0_ORed_Message_buffer_IRQHandler
                0x0000d5a8        0xc Startup/startup_mk60d10.o
                0x0000d5a8                CAN0_ORed_Message_buffer_IRQHandler
 .text.CAN0_Bus_Off_IRQHandler
                0x0000d5b4        0xc Startup/startup_mk60d10.o
                0x0000d5b4                CAN0_Bus_Off_IRQHandler
 .text.CAN0_Error_IRQHandler
                0x0000d5c0        0xc Startup/startup_mk60d10.o
                0x0000d5c0                CAN0_Error_IRQHandler
 .text.CAN0_Tx_Warning_IRQHandler
                0x0000d5cc        0xc Startup/startup_mk60d10.o
                0x0000d5cc                CAN0_Tx_Warning_IRQHandler
 .text.CAN0_Rx_Warning_IRQHandler
                0x0000d5d8        0xc Startup/startup_mk60d10.o
                0x0000d5d8                CAN0_Rx_Warning_IRQHandler
 .text.CAN0_Wake_Up_IRQHandler
                0x0000d5e4        0xc Startup/startup_mk60d10.o
                0x0000d5e4                CAN0_Wake_Up_IRQHandler
 .text.I2S0_Tx_IRQHandler
                0x0000d5f0        0xc Startup/startup_mk60d10.o
                0x0000d5f0                I2S0_Tx_IRQHandler
 .text.I2S0_Rx_IRQHandler
                0x0000d5fc        0xc Startup/startup_mk60d10.o
                0x0000d5fc                I2S0_Rx_IRQHandler
 .text.CAN1_ORed_Message_buffer_IRQHandler
                0x0000d608        0xc Startup/startup_mk60d10.o
                0x0000d608                CAN1_ORed_Message_buffer_IRQHandler
 .text.CAN1_Bus_Off_IRQHandler
                0x0000d614        0xc Startup/startup_mk60d10.o
                0x0000d614                CAN1_Bus_Off_IRQHandler
 .text.CAN1_Error_IRQHandler
                0x0000d620        0xc Startup/startup_mk60d10.o
                0x0000d620                CAN1_Error_IRQHandler
 .text.CAN1_Tx_Warning_IRQHandler
                0x0000d62c        0xc Startup/startup_mk60d10.o
                0x0000d62c                CAN1_Tx_Warning_IRQHandler
 .text.CAN1_Rx_Warning_IRQHandler
                0x0000d638        0xc Startup/startup_mk60d10.o
                0x0000d638                CAN1_Rx_Warning_IRQHandler
 .text.CAN1_Wake_Up_IRQHandler
                0x0000d644        0xc Startup/startup_mk60d10.o
                0x0000d644                CAN1_Wake_Up_IRQHandler
 .text.Reserved59_IRQHandler
                0x0000d650        0xc Startup/startup_mk60d10.o
                0x0000d650                Reserved59_IRQHandler
 .text.UART0_LON_IRQHandler
                0x0000d65c        0xc Startup/startup_mk60d10.o
                0x0000d65c                UART0_LON_IRQHandler
 .text.UART0_ERR_IRQHandler
                0x0000d668        0xc Startup/startup_mk60d10.o
                0x0000d668                UART0_ERR_IRQHandler
 .text.UART1_RX_TX_IRQHandler
                0x0000d674        0xc Startup/startup_mk60d10.o
                0x0000d674                UART1_RX_TX_IRQHandler
 .text.UART1_ERR_IRQHandler
                0x0000d680        0xc Startup/startup_mk60d10.o
                0x0000d680                UART1_ERR_IRQHandler
 .text.UART2_RX_TX_IRQHandler
                0x0000d68c        0xc Startup/startup_mk60d10.o
                0x0000d68c                UART2_RX_TX_IRQHandler
 .text.UART2_ERR_IRQHandler
                0x0000d698        0xc Startup/startup_mk60d10.o
                0x0000d698                UART2_ERR_IRQHandler
 .text.UART3_RX_TX_IRQHandler
                0x0000d6a4        0xc Startup/startup_mk60d10.o
                0x0000d6a4                UART3_RX_TX_IRQHandler
 .text.UART3_ERR_IRQHandler
                0x0000d6b0        0xc Startup/startup_mk60d10.o
                0x0000d6b0                UART3_ERR_IRQHandler
 .text.UART4_RX_TX_IRQHandler
                0x0000d6bc        0xc Startup/startup_mk60d10.o
                0x0000d6bc                UART4_RX_TX_IRQHandler
 .text.UART4_ERR_IRQHandler
                0x0000d6c8        0xc Startup/startup_mk60d10.o
                0x0000d6c8                UART4_ERR_IRQHandler
 .text.UART5_RX_TX_IRQHandler
                0x0000d6d4        0xc Startup/startup_mk60d10.o
                0x0000d6d4                UART5_RX_TX_IRQHandler
 .text.UART5_ERR_IRQHandler
                0x0000d6e0        0xc Startup/startup_mk60d10.o
                0x0000d6e0                UART5_ERR_IRQHandler
 .text.ADC0_IRQHandler
                0x0000d6ec        0xc Startup/startup_mk60d10.o
                0x0000d6ec                ADC0_IRQHandler
 .text.ADC1_IRQHandler
                0x0000d6f8        0xc Startup/startup_mk60d10.o
                0x0000d6f8                ADC1_IRQHandler
 .text.CMP0_IRQHandler
                0x0000d704        0xc Startup/startup_mk60d10.o
                0x0000d704                CMP0_IRQHandler
 .text.CMP1_IRQHandler
                0x0000d710        0xc Startup/startup_mk60d10.o
                0x0000d710                CMP1_IRQHandler
 .text.CMP2_IRQHandler
                0x0000d71c        0xc Startup/startup_mk60d10.o
                0x0000d71c                CMP2_IRQHandler
 .text.FTM0_IRQHandler
                0x0000d728        0xc Startup/startup_mk60d10.o
                0x0000d728                FTM0_IRQHandler
 .text.FTM1_IRQHandler
                0x0000d734        0xc Startup/startup_mk60d10.o
                0x0000d734                FTM1_IRQHandler
 .text.FTM2_IRQHandler
                0x0000d740        0xc Startup/startup_mk60d10.o
                0x0000d740                FTM2_IRQHandler
 .text.CMT_IRQHandler
                0x0000d74c        0xc Startup/startup_mk60d10.o
                0x0000d74c                CMT_IRQHandler
 .text.RTC_IRQHandler
                0x0000d758        0xc Startup/startup_mk60d10.o
                0x0000d758                RTC_IRQHandler
 .text.RTC_Seconds_IRQHandler
                0x0000d764        0xc Startup/startup_mk60d10.o
                0x0000d764                RTC_Seconds_IRQHandler
 .text.PIT1_IRQHandler
                0x0000d770        0xc Startup/startup_mk60d10.o
                0x0000d770                PIT1_IRQHandler
 .text.PIT2_IRQHandler
                0x0000d77c        0xc Startup/startup_mk60d10.o
                0x0000d77c                PIT2_IRQHandler
 .text.PIT3_IRQHandler
                0x0000d788        0xc Startup/startup_mk60d10.o
                0x0000d788                PIT3_IRQHandler
 .text.PDB0_IRQHandler
                0x0000d794        0xc Startup/startup_mk60d10.o
                0x0000d794                PDB0_IRQHandler
 .text.USB0_IRQHandler
                0x0000d7a0        0xc Startup/startup_mk60d10.o
                0x0000d7a0                USB0_IRQHandler
 .text.USBDCD_IRQHandler
                0x0000d7ac        0xc Startup/startup_mk60d10.o
                0x0000d7ac                USBDCD_IRQHandler
 .text.ENET_1588_Timer_IRQHandler
                0x0000d7b8        0xc Startup/startup_mk60d10.o
                0x0000d7b8                ENET_1588_Timer_IRQHandler
 .text.ENET_Transmit_IRQHandler
                0x0000d7c4        0xc Startup/startup_mk60d10.o
                0x0000d7c4                ENET_Transmit_IRQHandler
 .text.ENET_Receive_IRQHandler
                0x0000d7d0        0xc Startup/startup_mk60d10.o
                0x0000d7d0                ENET_Receive_IRQHandler
 .text.ENET_Error_IRQHandler
                0x0000d7dc        0xc Startup/startup_mk60d10.o
                0x0000d7dc                ENET_Error_IRQHandler
 .text.Reserved95_IRQHandler
                0x0000d7e8        0xc Startup/startup_mk60d10.o
                0x0000d7e8                Reserved95_IRQHandler
 .text.SDHC_IRQHandler
                0x0000d7f4        0xc Startup/startup_mk60d10.o
                0x0000d7f4                SDHC_IRQHandler
 .text.DAC0_IRQHandler
                0x0000d800        0xc Startup/startup_mk60d10.o
                0x0000d800                DAC0_IRQHandler
 .text.DAC1_IRQHandler
                0x0000d80c        0xc Startup/startup_mk60d10.o
                0x0000d80c                DAC1_IRQHandler
 .text.TSI0_IRQHandler
                0x0000d818        0xc Startup/startup_mk60d10.o
                0x0000d818                TSI0_IRQHandler
 .text.MCG_IRQHandler
                0x0000d824        0xc Startup/startup_mk60d10.o
                0x0000d824                MCG_IRQHandler
 .text.LPTMR0_IRQHandler
                0x0000d830        0xc Startup/startup_mk60d10.o
                0x0000d830                LPTMR0_IRQHandler
 .text.Reserved102_IRQHandler
                0x0000d83c        0xc Startup/startup_mk60d10.o
                0x0000d83c                Reserved102_IRQHandler
 .text.Reserved108_IRQHandler
                0x0000d848        0xc Startup/startup_mk60d10.o
                0x0000d848                Reserved108_IRQHandler
 .text.Reserved109_IRQHandler
                0x0000d854        0xc Startup/startup_mk60d10.o
                0x0000d854                Reserved109_IRQHandler
 .text.SWI_IRQHandler
                0x0000d860        0xc Startup/startup_mk60d10.o
                0x0000d860                SWI_IRQHandler
 *fill*         0x0000d86c        0x4 
 .text._ZN8FEHMotorC2ENS_12FEHMotorPortEf
                0x0000d870       0x7c Libraries/FEHMotor.o
                0x0000d870                FEHMotor::FEHMotor(FEHMotor::FEHMotorPort, float)
                0x0000d870                FEHMotor::FEHMotor(FEHMotor::FEHMotorPort, float)
 .text._ZN8FEHMotor4StopEv
                0x0000d8ec       0x30 Libraries/FEHMotor.o
                0x0000d8ec                FEHMotor::Stop()
 .text._ZN8FEHMotor8SetPowerEi
                0x0000d91c       0x54 Libraries/FEHMotor.o
                0x0000d91c                FEHMotor::SetPower(int)
 .text._ZN8FEHMotor10SetPercentEf
                0x0000d970       0xf8 Libraries/FEHMotor.o
                0x0000d970                FEHMotor::SetPercent(float)
 .text._Z21IIC_StartTransmissionhh
                0x0000da68       0x6c Drivers/i2c.o
                0x0000da68                IIC_StartTransmission(unsigned char, unsigned char)
 .text._Z5Pausev
                0x0000dad4       0x24 Drivers/i2c.o
                0x0000dad4                Pause()
 .text._Z21MMA8451QWriteRegisterhh
                0x0000daf8       0x68 Drivers/i2c.o
                0x0000daf8                MMA8451QWriteRegister(unsigned char, unsigned char)
 .text._Z8i2c_Waitv
                0x0000db60       0x6c Drivers/i2c.o
                0x0000db60                i2c_Wait()
 .text._Z12SPI_SendCharh
                0x0000dbcc       0x1a Drivers/spi.o
                0x0000dbcc                SPI_SendChar(unsigned char)
 .text._Z16SPI_WriteCommandhh
                0x0000dbe6       0x34 Drivers/spi.o
                0x0000dbe6                SPI_WriteCommand(unsigned char, unsigned char)
 .text._Z11SPI_GetCharv
                0x0000dc1a       0x10 Drivers/spi.o
                0x0000dc1a                SPI_GetChar()
 .text._Z15SPI_ReadCommandh
                0x0000dc2a       0x38 Drivers/spi.o
                0x0000dc2a                SPI_ReadCommand(unsigned char)
 *fill*         0x0000dc62        0x2 
 .text._Z13SPI_CS_Assertv
                0x0000dc64       0x1c Drivers/spi.o
                0x0000dc64                SPI_CS_Assert()
 .text._Z15SPI_CS_Deassertv
                0x0000dc80       0x1c Drivers/spi.o
                0x0000dc80                SPI_CS_Deassert()
 .text._Z12SPI_Transferh
                0x0000dc9c       0x6c Drivers/spi.o
                0x0000dc9c                SPI_Transfer(unsigned char)
 .text._Z8SPI_Initv
                0x0000dd08       0xa0 Drivers/spi.o
                0x0000dd08                SPI_Init()
 .text._Z9uart_initPV11UART_MemMapii
                0x0000dda8      0x174 Drivers/uart.o
                0x0000dda8                uart_init(UART_MemMap volatile*, int, int)
 .text._Z12uart_getcharPV11UART_MemMap
                0x0000df1c       0x32 Drivers/uart.o
                0x0000df1c                uart_getchar(UART_MemMap volatile*)
 .text._Z12uart_putcharPV11UART_MemMapc
                0x0000df4e       0x32 Drivers/uart.o
                0x0000df4e                uart_putchar(UART_MemMap volatile*, char)
 .text._ZL7mem_setPvij
                0x0000df80       0x3c Drivers/ff.o
 .text._ZL11move_windowP5FATFSm
                0x0000dfbc       0xc8 Drivers/ff.o
 .text._ZL4syncP5FATFS
                0x0000e084      0x14c Drivers/ff.o
 .text._ZL8validateP5FATFSt
                0x0000e1d0       0x54 Drivers/ff.o
 .text._Z6f_syncP3FIL
                0x0000e224      0x186 Drivers/ff.o
                0x0000e224                f_sync(FIL*)
 .text._Z7f_closeP3FIL
                0x0000e3aa       0x28 Drivers/ff.o
                0x0000e3aa                f_close(FIL*)
 *fill*         0x0000e3d2        0x2 
 .text._ZL17SDHC_set_baudratemm
                0x0000e3d4       0xe8 Drivers/SDHC.o
 .text._Z9SDHC_initP17esdhc_info_structPK17esdhc_init_struct
                0x0000e4bc      0x130 Drivers/SDHC.o
                0x0000e4bc                SDHC_init(esdhc_info_struct*, esdhc_init_struct const*)
 .text._ZL15SDHC_is_runningv
                0x0000e5ec       0x24 Drivers/SDHC.o
 .text._ZL16SDHC_status_waitm
                0x0000e610       0x2c Drivers/SDHC.o
 .text._ZL17SDHC_send_commandP20esdhc_command_struct
                0x0000e63c      0x1f8 Drivers/SDHC.o
 .text._Z10SDHC_ioctlmPv
                0x0000e834      0x6f0 Drivers/SDHC.o
                0x0000e834                SDHC_ioctl(unsigned long, void*)
 .text._ZL14rcvr_datablockPhm
                0x0000ef24       0xf0 Drivers/SDHC.o
 .text._Z9disk_readhPhmh
                0x0000f014      0x124 Drivers/SDHC.o
                0x0000f014                disk_read(unsigned char, unsigned char*, unsigned long, unsigned char)
 .text._ZL14xmit_datablockPKhm
                0x0000f138       0xa4 Drivers/SDHC.o
 .text._Z10disk_writehPKhmh
                0x0000f1dc      0x198 Drivers/SDHC.o
                0x0000f1dc                disk_write(unsigned char, unsigned char const*, unsigned long, unsigned char)
 .text._Z10disk_ioctlhhPv
                0x0000f374      0x104 Drivers/SDHC.o
                0x0000f374                disk_ioctl(unsigned char, unsigned char, void*)
 .text._Z11disk_statush
                0x0000f478       0x28 Drivers/SDHC.o
                0x0000f478                disk_status(unsigned char)
 .text._Z13time_delay_msm
                0x0000f4a0       0x6c Drivers/lptmr.o
                0x0000f4a0                time_delay_ms(unsigned long)
 .text._Z41__static_initialization_and_destruction_0ii
                0x0000f50c       0x2c FEHProteus.o
 .text._GLOBAL__sub_I_Propeller
                0x0000f538       0x10 FEHProteus.o
 .text._ZN12FEHPropellerC2Ev
                0x0000f548       0x1a Drivers/FEHPropeller.o
                0x0000f548                FEHPropeller::FEHPropeller()
                0x0000f548                FEHPropeller::FEHPropeller()
 *fill*         0x0000f562        0x2 
 .text._ZN12FEHPropeller10InitializeEv
                0x0000f564       0x74 Drivers/FEHPropeller.o
                0x0000f564                FEHPropeller::Initialize()
 .text._ZN12FEHPropeller12SetMotorRateEhhh
                0x0000f5d8       0x5c Drivers/FEHPropeller.o
                0x0000f5d8                FEHPropeller::SetMotorRate(unsigned char, unsigned char, unsigned char)
 .text._ZL5Delaymjj
                0x0000f634       0x94 Libraries/FEHUtility.o
 .text._Z5Sleepi
                0x0000f6c8       0x2c Libraries/FEHUtility.o
                0x0000f6c8                Sleep(int)
 .text._Z5Sleepd
                0x0000f6f4       0x4c Libraries/FEHUtility.o
                0x0000f6f4                Sleep(double)
 .text._Z7TimeNowv
                0x0000f740       0x5c Libraries/FEHUtility.o
                0x0000f740                TimeNow()
 .text._Z11TimeNowMSecv
                0x0000f79c       0x38 Libraries/FEHUtility.o
                0x0000f79c                TimeNowMSec()
 .text._ZN15DigitalInputPinC2EN5FEHIO8FEHIOPinE
                0x0000f7d4       0x20 Libraries/FEHIO.o
                0x0000f7d4                DigitalInputPin::DigitalInputPin(FEHIO::FEHIOPin)
                0x0000f7d4                DigitalInputPin::DigitalInputPin(FEHIO::FEHIOPin)
 .text._ZN15DigitalInputPin10InitializeEN5FEHIO8FEHIOPinE
                0x0000f7f4      0x198 Libraries/FEHIO.o
                0x0000f7f4                DigitalInputPin::Initialize(FEHIO::FEHIOPin)
 .text._ZN15DigitalInputPin5ValueEv
                0x0000f98c      0x108 Libraries/FEHIO.o
                0x0000f98c                DigitalInputPin::Value()
 .text._ZN14DigitalEncoderC2EN5FEHIO8FEHIOPinE
                0x0000fa94       0x26 Libraries/FEHIO.o
                0x0000fa94                DigitalEncoder::DigitalEncoder(FEHIO::FEHIOPin)
                0x0000fa94                DigitalEncoder::DigitalEncoder(FEHIO::FEHIOPin)
 *fill*         0x0000faba        0x2 
 .text._Z10enable_irqi
                0x0000fabc      0x11c Libraries/FEHIO.o
                0x0000fabc                enable_irq(int)
 .text._ZN14DigitalEncoder10InitializeEN5FEHIO8FEHIOPinENS0_21FEHIOInterruptTriggerE
                0x0000fbd8      0x1a8 Libraries/FEHIO.o
                0x0000fbd8                DigitalEncoder::Initialize(FEHIO::FEHIOPin, FEHIO::FEHIOInterruptTrigger)
 .text._Z16PORTB_IRQHandlerv
                0x0000fd80       0x9c Libraries/FEHIO.o
                0x0000fd80                PORTB_IRQHandler()
 .text._Z16PORTC_IRQHandlerv
                0x0000fe1c       0x9c Libraries/FEHIO.o
                0x0000fe1c                PORTC_IRQHandler()
 .text._Z16PORTA_IRQHandlerv
                0x0000feb8       0xa0 Libraries/FEHIO.o
                0x0000feb8                PORTA_IRQHandler()
 .text._Z16PORTE_IRQHandlerv
                0x0000ff58       0x98 Libraries/FEHIO.o
                0x0000ff58                PORTE_IRQHandler()
 .text._ZN14DigitalEncoder6CountsEv
                0x0000fff0       0x24 Libraries/FEHIO.o
                0x0000fff0                DigitalEncoder::Counts()
 .text._ZN14DigitalEncoder11ResetCountsEv
                0x00010014       0x24 Libraries/FEHIO.o
                0x00010014                DigitalEncoder::ResetCounts()
 .text._ZN14AnalogInputPinC2EN5FEHIO8FEHIOPinE
                0x00010038       0x1e Libraries/FEHIO.o
                0x00010038                AnalogInputPin::AnalogInputPin(FEHIO::FEHIOPin)
                0x00010038                AnalogInputPin::AnalogInputPin(FEHIO::FEHIOPin)
 *fill*         0x00010056        0x2 
 .text._ZN14AnalogInputPin5ValueEv
                0x00010058      0x120 Libraries/FEHIO.o
                0x00010058                AnalogInputPin::Value()
 .text._ZN13AnalogEncoder12EncoderValueEv
                0x00010178       0xb0 Libraries/FEHIO.o
                0x00010178                AnalogEncoder::EncoderValue()
 .text._ZN14AnalogInputPin8InitADCsEv
                0x00010228       0x98 Libraries/FEHIO.o
                0x00010228                AnalogInputPin::InitADCs()
 .text._Z15PIT0_IRQHandlerv
                0x000102c0       0x28 Libraries/FEHIO.o
                0x000102c0                PIT0_IRQHandler()
 .text._ZN13AnalogEncoder4InitEv
                0x000102e8       0x44 Libraries/FEHIO.o
                0x000102e8                AnalogEncoder::Init()
 .text._ZN13AnalogEncoder14SetCounterInitEj
                0x0001032c       0x20 Libraries/FEHIO.o
                0x0001032c                AnalogEncoder::SetCounterInit(unsigned int)
 .text._ZN13AnalogEncoder10ProcessIntEv
                0x0001034c       0x68 Libraries/FEHIO.o
                0x0001034c                AnalogEncoder::ProcessInt()
 .text._ZN13AnalogEncoder14ProcessIntSelfEv
                0x000103b4       0x6e Libraries/FEHIO.o
                0x000103b4                AnalogEncoder::ProcessIntSelf()
 .text._Z7ADC_CalPV10ADC_MemMap
                0x00010422      0x13e Drivers/adc16.o
                0x00010422                ADC_Cal(ADC_MemMap volatile*)
 .text._Z14ADC_Config_AltPV10ADC_MemMapP7adc_cfg
                0x00010560       0x6c Drivers/adc16.o
                0x00010560                ADC_Config_Alt(ADC_MemMap volatile*, adc_cfg*)
 .text._ZN9FEHBuzzerC2Ev
                0x000105cc       0x14 Libraries/FEHBuzzer.o
                0x000105cc                FEHBuzzer::FEHBuzzer()
                0x000105cc                FEHBuzzer::FEHBuzzer()
 .text._Z41__static_initialization_and_destruction_0ii
                0x000105e0       0x2c Libraries/FEHBuzzer.o
 .text._GLOBAL__sub_I_Buzzer
                0x0001060c       0x10 Libraries/FEHBuzzer.o
 .text._ZN8FEHServoC2ENS_12FEHServoPortE
                0x0001061c       0x38 Libraries/FEHServo.o
                0x0001061c                FEHServo::FEHServo(FEHServo::FEHServoPort)
                0x0001061c                FEHServo::FEHServo(FEHServo::FEHServoPort)
 .text._ZN8FEHServo6SetMinEi
                0x00010654       0x3a Libraries/FEHServo.o
                0x00010654                FEHServo::SetMin(int)
 .text._ZN8FEHServo6SetMaxEi
                0x0001068e       0x3a Libraries/FEHServo.o
                0x0001068e                FEHServo::SetMax(int)
 .text._ZN8FEHServo9SetDegreeEf
                0x000106c8       0xf8 Libraries/FEHServo.o
                0x000106c8                FEHServo::SetDegree(float)
 .text._ZN6FEHLCD11_InitializeEv
                0x000107c0      0x410 Libraries/FEHLCD.o
                0x000107c0                FEHLCD::_Initialize()
 .text._ZN6FEHLCDC2Ev
                0x00010bd0       0x50 Libraries/FEHLCD.o
                0x00010bd0                FEHLCD::FEHLCD()
                0x00010bd0                FEHLCD::FEHLCD()
 .text._ZN6FEHLCD10InitializeEv
                0x00010c20       0x28 Libraries/FEHLCD.o
                0x00010c20                FEHLCD::Initialize()
 .text._ZN6FEHLCD10PrintImageEii
                0x00010c48       0xbc Libraries/FEHLCD.o
                0x00010c48                FEHLCD::PrintImage(int, int)
 .text._ZN6FEHLCD9PrintLogoEii
                0x00010d04       0xbc Libraries/FEHLCD.o
                0x00010d04                FEHLCD::PrintLogo(int, int)
 .text._ZN6FEHLCD22ConvertFEHColorTo24BitENS_11FEHLCDColorE
                0x00010dc0       0x78 Libraries/FEHLCD.o
                0x00010dc0                FEHLCD::ConvertFEHColorTo24Bit(FEHLCD::FEHLCDColor)
 .text._ZN6FEHLCD24Convert24BitColorTo16BitEj
                0x00010e38       0x30 Libraries/FEHLCD.o
                0x00010e38                FEHLCD::Convert24BitColorTo16Bit(unsigned int)
 .text._ZN6FEHLCD22ConvertRGBColorTo16BitEhhh
                0x00010e68       0x4a Libraries/FEHLCD.o
                0x00010e68                FEHLCD::ConvertRGBColorTo16Bit(unsigned char, unsigned char, unsigned char)
 .text._ZN6FEHLCD5ClearENS_11FEHLCDColorE
                0x00010eb2       0x28 Libraries/FEHLCD.o
                0x00010eb2                FEHLCD::Clear(FEHLCD::FEHLCDColor)
 .text._ZN6FEHLCD5ClearEj
                0x00010eda       0x2c Libraries/FEHLCD.o
                0x00010eda                FEHLCD::Clear(unsigned int)
 .text._ZN6FEHLCD5ClearEv
                0x00010f06       0x16 Libraries/FEHLCD.o
                0x00010f06                FEHLCD::Clear()
 .text._ZN6FEHLCD18SetBackgroundColorENS_11FEHLCDColorE
                0x00010f1c       0x28 Libraries/FEHLCD.o
                0x00010f1c                FEHLCD::SetBackgroundColor(FEHLCD::FEHLCDColor)
 .text._ZN6FEHLCD18SetBackgroundColorEj
                0x00010f44       0x26 Libraries/FEHLCD.o
                0x00010f44                FEHLCD::SetBackgroundColor(unsigned int)
 .text._ZN6FEHLCD12SetFontColorENS_11FEHLCDColorE
                0x00010f6a       0x28 Libraries/FEHLCD.o
                0x00010f6a                FEHLCD::SetFontColor(FEHLCD::FEHLCDColor)
 .text._ZN6FEHLCD12SetFontColorEj
                0x00010f92       0x26 Libraries/FEHLCD.o
                0x00010f92                FEHLCD::SetFontColor(unsigned int)
 .text._ZN6FEHLCD7WriteAtEPKcii
                0x00010fb8       0x46 Libraries/FEHLCD.o
                0x00010fb8                FEHLCD::WriteAt(char const*, int, int)
 *fill*         0x00010ffe        0x2 
 .text._ZN6FEHLCD7WriteAtEiii
                0x00011000       0x38 Libraries/FEHLCD.o
                0x00011000                FEHLCD::WriteAt(int, int, int)
 .text._ZN6FEHLCD7WriteAtEfii
                0x00011038       0xb8 Libraries/FEHLCD.o
                0x00011038                FEHLCD::WriteAt(float, int, int)
 .text._ZN6FEHLCD11TS_SPI_InitEv
                0x000110f0       0x7c Libraries/FEHLCD.o
                0x000110f0                FEHLCD::TS_SPI_Init()
 *fill*         0x0001116c        0x4 
 .text._ZN6FEHLCD5TouchEPfS0_
                0x00011170      0x1fc Libraries/FEHLCD.o
                0x00011170                FEHLCD::Touch(float*, float*)
 .text._ZN6FEHLCD3absEi
                0x0001136c       0x22 Libraries/FEHLCD.o
                0x0001136c                FEHLCD::abs(int)
 .text._ZN6FEHLCD5WriteEPKc
                0x0001138e       0x4e Libraries/FEHLCD.o
                0x0001138e                FEHLCD::Write(char const*)
 .text._ZN6FEHLCD5WriteEf
                0x000113dc       0xc0 Libraries/FEHLCD.o
                0x000113dc                FEHLCD::Write(float)
 .text._ZN6FEHLCD5WriteEc
                0x0001149c       0x30 Libraries/FEHLCD.o
                0x0001149c                FEHLCD::Write(char)
 .text._ZN6FEHLCD9WriteLineEPKc
                0x000114cc       0x26 Libraries/FEHLCD.o
                0x000114cc                FEHLCD::WriteLine(char const*)
 .text._ZN6FEHLCD9WriteLineEf
                0x000114f2       0x26 Libraries/FEHLCD.o
                0x000114f2                FEHLCD::WriteLine(float)
 .text._ZN6FEHLCD9WriteLineEc
                0x00011518       0x2a Libraries/FEHLCD.o
                0x00011518                FEHLCD::WriteLine(char)
 *fill*         0x00011542        0x2 
 .text._ZN6FEHLCD10WriteIndexEh
                0x00011544      0x14c Libraries/FEHLCD.o
                0x00011544                FEHLCD::WriteIndex(unsigned char)
 .text._ZN6FEHLCD14WriteParameterEh
                0x00011690      0x130 Libraries/FEHLCD.o
                0x00011690                FEHLCD::WriteParameter(unsigned char)
 .text._ZN6FEHLCD6_ClearEv
                0x000117c0      0x15c Libraries/FEHLCD.o
                0x000117c0                FEHLCD::_Clear()
 .text._ZN6FEHLCD8NextLineEv
                0x0001191c       0x2a Libraries/FEHLCD.o
                0x0001191c                FEHLCD::NextLine()
 .text._ZN6FEHLCD9CheckLineEv
                0x00011946       0x28 Libraries/FEHLCD.o
                0x00011946                FEHLCD::CheckLine()
 .text._ZN6FEHLCD8NextCharEv
                0x0001196e       0x32 Libraries/FEHLCD.o
                0x0001196e                FEHLCD::NextChar()
 .text._ZN6FEHLCD9DrawPixelEii
                0x000119a0       0x2a Libraries/FEHLCD.o
                0x000119a0                FEHLCD::DrawPixel(int, int)
 .text._Z4SwapRiS_
                0x000119ca       0x28 Libraries/FEHLCD.o
                0x000119ca                Swap(int&, int&)
 .text._ZN6FEHLCD13DrawRectangleEiiii
                0x000119f2       0x7c Libraries/FEHLCD.o
                0x000119f2                FEHLCD::DrawRectangle(int, int, int, int)
 .text._ZN6FEHLCD13SetDrawRegionEiiii
                0x00011a6e       0xfe Libraries/FEHLCD.o
                0x00011a6e                FEHLCD::SetDrawRegion(int, int, int, int)
 .text._ZN6FEHLCD8DrawLineEiiii
                0x00011b6c      0x14c Libraries/FEHLCD.o
                0x00011b6c                FEHLCD::DrawLine(int, int, int, int)
 .text._ZN6FEHLCD9WriteCharEiic
                0x00011cb8       0x34 Libraries/FEHLCD.o
                0x00011cb8                FEHLCD::WriteChar(int, int, char)
 .text._ZN6FEHLCD11WriteCharAtEiic
                0x00011cec      0x214 Libraries/FEHLCD.o
                0x00011cec                FEHLCD::WriteCharAt(int, int, char)
 .text._ZN6FEHLCD11RepeatColorEv
                0x00011f00       0x70 Libraries/FEHLCD.o
                0x00011f00                FEHLCD::RepeatColor()
 .text._ZN6FEHLCD10_ForePixelEv
                0x00011f70       0xc4 Libraries/FEHLCD.o
                0x00011f70                FEHLCD::_ForePixel()
 .text._ZN6FEHLCD10_BackPixelEv
                0x00012034       0xc4 Libraries/FEHLCD.o
                0x00012034                FEHLCD::_BackPixel()
 .text._ZN6FEHLCD22SetRegisterColorValuesEv
                0x000120f8      0x336 Libraries/FEHLCD.o
                0x000120f8                FEHLCD::SetRegisterColorValues()
 .text._ZN7FEHIcon4IconC2Ev
                0x0001242e       0x14 Libraries/FEHLCD.o
                0x0001242e                FEHIcon::Icon::Icon()
                0x0001242e                FEHIcon::Icon::Icon()
 .text._ZN7FEHIcon4Icon13SetPropertiesEPciiiijj
                0x00012442       0x6a Libraries/FEHLCD.o
                0x00012442                FEHIcon::Icon::SetProperties(char*, int, int, int, int, unsigned int, unsigned int)
 .text._ZN7FEHIcon4Icon4DrawEv
                0x000124ac       0x90 Libraries/FEHLCD.o
                0x000124ac                FEHIcon::Icon::Draw()
 .text._ZN7FEHIcon4Icon6SelectEv
                0x0001253c       0x90 Libraries/FEHLCD.o
                0x0001253c                FEHIcon::Icon::Select()
 .text._ZN7FEHIcon4Icon8DeselectEv
                0x000125cc       0x8c Libraries/FEHLCD.o
                0x000125cc                FEHIcon::Icon::Deselect()
 .text._ZN7FEHIcon4Icon7PressedEffi
                0x00012658      0x13c Libraries/FEHLCD.o
                0x00012658                FEHIcon::Icon::Pressed(float, float, int)
 .text._ZN7FEHIcon4Icon12WhilePressedEff
                0x00012794       0x50 Libraries/FEHLCD.o
                0x00012794                FEHIcon::Icon::WhilePressed(float, float)
 .text._ZN7FEHIcon13DrawIconArrayEPNS_4IconEiiiiiiPA20_cjj
                0x000127e4      0x168 Libraries/FEHLCD.o
                0x000127e4                FEHIcon::DrawIconArray(FEHIcon::Icon*, int, int, int, int, int, int, char (*) [20], unsigned int, unsigned int)
 .text._Z41__static_initialization_and_destruction_0ii
                0x0001294c       0x2c Libraries/FEHLCD.o
 .text._GLOBAL__sub_I_image
                0x00012978       0x10 Libraries/FEHLCD.o
 .text._ZN8FEHAccelC2Ev
                0x00012988       0x70 Libraries/FEHAccel.o
                0x00012988                FEHAccel::FEHAccel()
                0x00012988                FEHAccel::FEHAccel()
 .text._Z41__static_initialization_and_destruction_0ii
                0x000129f8       0x2c Libraries/FEHAccel.o
 .text._GLOBAL__sub_I_Accel
                0x00012a24       0x10 Libraries/FEHAccel.o
 *fill*         0x00012a34        0x4 
 .text._ZN10FEHBattery7VoltageEv
                0x00012a38       0x54 Libraries/FEHBattery.o
                0x00012a38                FEHBattery::Voltage()
 .text._ZN10FEHBatteryC2EN5FEHIO8FEHIOPinE
                0x00012a8c       0x22 Libraries/FEHBattery.o
                0x00012a8c                FEHBattery::FEHBattery(FEHIO::FEHIOPin)
                0x00012a8c                FEHBattery::FEHBattery(FEHIO::FEHIOPin)
 *fill*         0x00012aae        0x2 
 .text._Z41__static_initialization_and_destruction_0ii
                0x00012ab0       0x30 Libraries/FEHBattery.o
 .text._GLOBAL__sub_I_Battery
                0x00012ae0       0x10 Libraries/FEHBattery.o
 .text._ZN7FEHXBeeC2Ev
                0x00012af0       0x1a Drivers/FEHXBee.o
                0x00012af0                FEHXBee::FEHXBee()
                0x00012af0                FEHXBee::FEHXBee()
 *fill*         0x00012b0a        0x2 
 .text._ZN7FEHXBee10InitializeEv
                0x00012b0c       0xdc Drivers/FEHXBee.o
                0x00012b0c                FEHXBee::Initialize()
 .text._ZN7FEHXBee13IsInitializedEv
                0x00012be8       0x16 Drivers/FEHXBee.o
                0x00012be8                FEHXBee::IsInitialized()
 *fill*         0x00012bfe        0x2 
 .text._ZN7FEHXBee17ReceiveDataSearchEPcjh
                0x00012c00       0x8c Drivers/FEHXBee.o
                0x00012c00                FEHXBee::ReceiveDataSearch(char*, unsigned int, unsigned char)
 .text._ZN7FEHXBee8SendDataEPcj
                0x00012c8c       0x40 Drivers/FEHXBee.o
                0x00012c8c                FEHXBee::SendData(char*, unsigned int)
 .text._ZN7FEHXBee17SetPacketCallBackEPFvPhhE
                0x00012ccc       0x20 Drivers/FEHXBee.o
                0x00012ccc                FEHXBee::SetPacketCallBack(void (*)(unsigned char*, unsigned char))
 .text._Z22UART0_RX_TX_IRQHandlerv
                0x00012cec       0xec Drivers/FEHXBee.o
                0x00012cec                UART0_RX_TX_IRQHandler()
 .text._ZN6FEHRCSC2Ev
                0x00012dd8       0x74 Libraries/FEHRCS.o
                0x00012dd8                FEHRCS::FEHRCS()
                0x00012dd8                FEHRCS::FEHRCS()
 .text._ZN6FEHRCS10InitializeEiPKc
                0x00012e4c      0x7a0 Libraries/FEHRCS.o
                0x00012e4c                FEHRCS::Initialize(int, char const*)
 .text._ZN6FEHRCS10InitializeEcPKc
                0x000135ec       0x4c Libraries/FEHRCS.o
                0x000135ec                FEHRCS::Initialize(char, char const*)
 .text._ZN6FEHRCS19InitializeTouchMenuEPKc
                0x00013638      0x438 Libraries/FEHRCS.o
                0x00013638                FEHRCS::InitializeTouchMenu(char const*)
 .text._ZN6FEHRCS19CurrentRegionLetterEv
                0x00013a70       0x1c Libraries/FEHRCS.o
                0x00013a70                FEHRCS::CurrentRegionLetter()
 .text._ZN6FEHRCS15GetCorrectLeverEv
                0x00013a8c       0x1c Libraries/FEHRCS.o
                0x00013a8c                FEHRCS::GetCorrectLever()
 .text._ZN6FEHRCS13WaitForPacketEv
                0x00013aa8       0x58 Libraries/FEHRCS.o
                0x00013aa8                FEHRCS::WaitForPacket()
 .text._Z14RCSDataProcessPhh
                0x00013b00       0xa0 Libraries/FEHRCS.o
                0x00013b00                RCSDataProcess(unsigned char*, unsigned char)
 .text._Z41__static_initialization_and_destruction_0ii
                0x00013ba0       0x2c Libraries/FEHRCS.o
 .text._GLOBAL__sub_I_RCS
                0x00013bcc       0x10 Libraries/FEHRCS.o
 .text._ZN5FEHSDC2Ev
                0x00013bdc       0x24 Libraries/FEHSD.o
                0x00013bdc                FEHSD::FEHSD()
                0x00013bdc                FEHSD::FEHSD()
 .text._ZN5FEHSD9FCloseAllEv
                0x00013c00       0x6c Libraries/FEHSD.o
                0x00013c00                FEHSD::FCloseAll()
 .text._Z41__static_initialization_and_destruction_0ii
                0x00013c6c       0x2c Libraries/FEHSD.o
 .text._GLOBAL__sub_I_SD
                0x00013c98       0x10 Libraries/FEHSD.o
 .text._ZN9FEHRandom10InitializeEv
                0x00013ca8       0x3c Libraries/FEHRandom.o
                0x00013ca8                FEHRandom::Initialize()
 .text.startup._GLOBAL__sub_I__ZN9__gnu_cxx9__freeresEv
                0x00013ce4       0x28 c:/gcc-arm-none-eabi-10.3-2021.10/bin/../lib/gcc/arm-none-eabi/10.3.1/../../../../arm-none-eabi/lib/thumb/v7e-m/nofp\libstdc++.a(eh_alloc.o)
 .text          0x00013d0c      0x378 c:/gcc-arm-none-eabi-10.3-2021.10/bin/../lib/gcc/arm-none-eabi/10.3.1/thumb/v7e-m/nofp\libgcc.a(_arm_addsubdf3.o)
                0x00013d0c                __aeabi_drsub
                0x00013d14                __aeabi_dsub
                0x00013d14                __subdf3
                0x00013d18                __aeabi_dadd
                0x00013d18                __adddf3
                0x00013f90                __floatunsidf
                0x00013f90                __aeabi_ui2d
                0x00013fb0                __floatsidf
                0x00013fb0                __aeabi_i2d
                0x00013fd4                __aeabi_f2d
                0x00013fd4                __extendsfdf2
                0x00014018                __floatundidf
                0x00014018                __aeabi_ul2d
                0x00014028                __floatdidf
                0x00014028                __aeabi_l2d
 .text          0x00014084      0x424 c:/gcc-arm-none-eabi-10.3-2021.10/bin/../lib/gcc/arm-none-eabi/10.3.1/thumb/v7e-m/nofp\libgcc.a(_arm_muldivdf3.o)
                0x00014084                __aeabi_dmul
                0x00014084                __muldf3
                0x000142d8                __divdf3
                0x000142d8                __aeabi_ddiv
 .text          0x000144a8      0x110 c:/gcc-arm-none-eabi-10.3-2021.10/bin/../lib/gcc/arm-none-eabi/10.3.1/thumb/v7e-m/nofp\libgcc.a(_arm_cmpdf2.o)
                0x000144a8                __gtdf2
                0x000144a8                __gedf2
                0x000144b0                __ltdf2
                0x000144b0                __ledf2
                0x000144b8                __nedf2
                0x000144b8                __eqdf2
                0x000144b8                __cmpdf2
                0x00014534                __aeabi_cdrcmple
                0x00014544                __aeabi_cdcmpeq
                0x00014544                __aeabi_cdcmple
                0x00014554                __aeabi_dcmpeq
                0x00014568                __aeabi_dcmplt
                0x0001457c                __aeabi_dcmple
                0x00014590                __aeabi_dcmpge
                0x000145a4                __aeabi_dcmpgt
 .text          0x000145b8       0x50 c:/gcc-arm-none-eabi-10.3-2021.10/bin/../lib/gcc/arm-none-eabi/10.3.1/thumb/v7e-m/nofp\libgcc.a(_arm_fixdfsi.o)
                0x000145b8                __aeabi_d2iz
                0x000145b8                __fixdfsi
 .text          0x00014608       0x40 c:/gcc-arm-none-eabi-10.3-2021.10/bin/../lib/gcc/arm-none-eabi/10.3.1/thumb/v7e-m/nofp\libgcc.a(_arm_fixunsdfsi.o)
                0x00014608                __aeabi_d2uiz
                0x00014608                __fixunsdfsi
 .text          0x00014648       0xa0 c:/gcc-arm-none-eabi-10.3-2021.10/bin/../lib/gcc/arm-none-eabi/10.3.1/thumb/v7e-m/nofp\libgcc.a(_arm_truncdfsf2.o)
                0x00014648                __truncdfsf2
                0x00014648                __aeabi_d2f
 .text          0x000146e8      0x21c c:/gcc-arm-none-eabi-10.3-2021.10/bin/../lib/gcc/arm-none-eabi/10.3.1/thumb/v7e-m/nofp\libgcc.a(_arm_addsubsf3.o)
                0x000146e8                __aeabi_frsub
                0x000146f0                __subsf3
                0x000146f0                __aeabi_fsub
                0x000146f4                __aeabi_fadd
                0x000146f4                __addsf3
                0x00014854                __aeabi_ui2f
                0x00014854                __floatunsisf
                0x0001485c                __aeabi_i2f
                0x0001485c                __floatsisf
                0x00014878                __aeabi_ul2f
                0x00014878                __floatundisf
                0x00014888                __aeabi_l2f
                0x00014888                __floatdisf
 .text          0x00014904      0x2a0 c:/gcc-arm-none-eabi-10.3-2021.10/bin/../lib/gcc/arm-none-eabi/10.3.1/thumb/v7e-m/nofp\libgcc.a(_arm_muldivsf3.o)
                0x00014904                __mulsf3
                0x00014904                __aeabi_fmul
                0x00014a6c                __aeabi_fdiv
                0x00014a6c                __divsf3
 .text          0x00014ba4       0xec c:/gcc-arm-none-eabi-10.3-2021.10/bin/../lib/gcc/arm-none-eabi/10.3.1/thumb/v7e-m/nofp\libgcc.a(_arm_cmpsf2.o)
                0x00014ba4                __gesf2
                0x00014ba4                __gtsf2
                0x00014bac                __lesf2
                0x00014bac                __ltsf2
                0x00014bb4                __nesf2
                0x00014bb4                __eqsf2
                0x00014bb4                __cmpsf2
                0x00014c14                __aeabi_cfrcmple
                0x00014c1c                __aeabi_cfcmpeq
                0x00014c1c                __aeabi_cfcmple
                0x00014c2c                __aeabi_fcmpeq
                0x00014c40                __aeabi_fcmplt
                0x00014c54                __aeabi_fcmple
                0x00014c68                __aeabi_fcmpge
                0x00014c7c                __aeabi_fcmpgt
 .text          0x00014c90       0x4c c:/gcc-arm-none-eabi-10.3-2021.10/bin/../lib/gcc/arm-none-eabi/10.3.1/thumb/v7e-m/nofp\libgcc.a(_arm_fixsfsi.o)
                0x00014c90                __aeabi_f2iz
                0x00014c90                __fixsfsi
 .text.abort    0x00014cdc       0x10 c:/gcc-arm-none-eabi-10.3-2021.10/bin/../lib/gcc/arm-none-eabi/10.3.1/../../../../arm-none-eabi/lib/thumb/v7e-m/nofp\libg.a(lib_a-abort.o)
                0x00014cdc                abort
 .text.__sfvwrite_r
                0x00014cec      0x2e8 c:/gcc-arm-none-eabi-10.3-2021.10/bin/../lib/gcc/arm-none-eabi/10.3.1/../../../../arm-none-eabi/lib/thumb/v7e-m/nofp\libg.a(lib_a-fvwrite.o)
                0x00014cec                __sfvwrite_r
 .text.__libc_init_array
                0x00014fd4       0x48 c:/gcc-arm-none-eabi-10.3-2021.10/bin/../lib/gcc/arm-none-eabi/10.3.1/../../../../arm-none-eabi/lib/thumb/v7e-m/nofp\libg.a(lib_a-init.o)
                0x00014fd4                __libc_init_array
 .text.__retarget_lock_init_recursive
                0x0001501c        0x4 c:/gcc-arm-none-eabi-10.3-2021.10/bin/../lib/gcc/arm-none-eabi/10.3.1/../../../../arm-none-eabi/lib/thumb/v7e-m/nofp\libg.a(lib_a-lock.o)
                0x0001501c                __retarget_lock_init_recursive
 .text.__retarget_lock_close_recursive
                0x00015020        0x4 c:/gcc-arm-none-eabi-10.3-2021.10/bin/../lib/gcc/arm-none-eabi/10.3.1/../../../../arm-none-eabi/lib/thumb/v7e-m/nofp\libg.a(lib_a-lock.o)
                0x00015020                __retarget_lock_close_recursive
 .text.__retarget_lock_acquire_recursive
                0x00015024        0x4 c:/gcc-arm-none-eabi-10.3-2021.10/bin/../lib/gcc/arm-none-eabi/10.3.1/../../../../arm-none-eabi/lib/thumb/v7e-m/nofp\libg.a(lib_a-lock.o)
                0x00015024                __retarget_lock_acquire_recursive
 .text.__retarget_lock_release_recursive
                0x00015028        0x4 c:/gcc-arm-none-eabi-10.3-2021.10/bin/../lib/gcc/arm-none-eabi/10.3.1/../../../../arm-none-eabi/lib/thumb/v7e-m/nofp\libg.a(lib_a-lock.o)
                0x00015028                __retarget_lock_release_recursive
 .text.malloc   0x0001502c       0x10 c:/gcc-arm-none-eabi-10.3-2021.10/bin/../lib/gcc/arm-none-eabi/10.3.1/../../../../arm-none-eabi/lib/thumb/v7e-m/nofp\libg.a(lib_a-malloc.o)
                0x0001502c                malloc
 .text._malloc_r
                0x0001503c      0x560 c:/gcc-arm-none-eabi-10.3-2021.10/bin/../lib/gcc/arm-none-eabi/10.3.1/../../../../arm-none-eabi/lib/thumb/v7e-m/nofp\libg.a(lib_a-mallocr.o)
                0x0001503c                _malloc_r
 *fill*         0x0001559c        0x4 
 .text          0x000155a0       0xa0 c:/gcc-arm-none-eabi-10.3-2021.10/bin/../lib/gcc/arm-none-eabi/10.3.1/../../../../arm-none-eabi/lib/thumb/v7e-m/nofp\libg.a(lib_a-memchr.o)
                0x000155a0                memchr
 .text          0x00015640      0x134 c:/gcc-arm-none-eabi-10.3-2021.10/bin/../lib/gcc/arm-none-eabi/10.3.1/../../../../arm-none-eabi/lib/thumb/v7e-m/nofp\libg.a(lib_a-memcpy.o)
                0x00015640                memcpy
 .text.memmove  0x00015774       0xf8 c:/gcc-arm-none-eabi-10.3-2021.10/bin/../lib/gcc/arm-none-eabi/10.3.1/../../../../arm-none-eabi/lib/thumb/v7e-m/nofp\libg.a(lib_a-memmove.o)
                0x00015774                memmove
 .text.memset   0x0001586c       0xa4 c:/gcc-arm-none-eabi-10.3-2021.10/bin/../lib/gcc/arm-none-eabi/10.3.1/../../../../arm-none-eabi/lib/thumb/v7e-m/nofp\libg.a(lib_a-memset.o)
                0x0001586c                memset
 .text.__malloc_lock
                0x00015910        0xc c:/gcc-arm-none-eabi-10.3-2021.10/bin/../lib/gcc/arm-none-eabi/10.3.1/../../../../arm-none-eabi/lib/thumb/v7e-m/nofp\libg.a(lib_a-mlock.o)
                0x00015910                __malloc_lock
 .text.__malloc_unlock
                0x0001591c        0xc c:/gcc-arm-none-eabi-10.3-2021.10/bin/../lib/gcc/arm-none-eabi/10.3.1/../../../../arm-none-eabi/lib/thumb/v7e-m/nofp\libg.a(lib_a-mlock.o)
                0x0001591c                __malloc_unlock
 .text._realloc_r
                0x00015928      0x3d8 c:/gcc-arm-none-eabi-10.3-2021.10/bin/../lib/gcc/arm-none-eabi/10.3.1/../../../../arm-none-eabi/lib/thumb/v7e-m/nofp\libg.a(lib_a-reallocr.o)
                0x00015928                _realloc_r
 .text._sbrk_r  0x00015d00       0x24 c:/gcc-arm-none-eabi-10.3-2021.10/bin/../lib/gcc/arm-none-eabi/10.3.1/../../../../arm-none-eabi/lib/thumb/v7e-m/nofp\libg.a(lib_a-sbrkr.o)
                0x00015d00                _sbrk_r
 .text.raise    0x00015d24       0x5c c:/gcc-arm-none-eabi-10.3-2021.10/bin/../lib/gcc/arm-none-eabi/10.3.1/../../../../arm-none-eabi/lib/thumb/v7e-m/nofp\libg.a(lib_a-signal.o)
                0x00015d24                raise
 .text._kill_r  0x00015d80       0x2c c:/gcc-arm-none-eabi-10.3-2021.10/bin/../lib/gcc/arm-none-eabi/10.3.1/../../../../arm-none-eabi/lib/thumb/v7e-m/nofp\libg.a(lib_a-signalr.o)
                0x00015d80                _kill_r
 .text._getpid_r
                0x00015dac        0x4 c:/gcc-arm-none-eabi-10.3-2021.10/bin/../lib/gcc/arm-none-eabi/10.3.1/../../../../arm-none-eabi/lib/thumb/v7e-m/nofp\libg.a(lib_a-signalr.o)
                0x00015dac                _getpid_r
 .text.sprintf  0x00015db0       0x40 c:/gcc-arm-none-eabi-10.3-2021.10/bin/../lib/gcc/arm-none-eabi/10.3.1/../../../../arm-none-eabi/lib/thumb/v7e-m/nofp\libg.a(lib_a-sprintf.o)
                0x00015db0                sprintf
 .text.strcpy   0x00015df0       0xbc c:/gcc-arm-none-eabi-10.3-2021.10/bin/../lib/gcc/arm-none-eabi/10.3.1/../../../../arm-none-eabi/lib/thumb/v7e-m/nofp\libg.a(lib_a-strcpy.o)
                0x00015df0                strcpy
 *fill*         0x00015eac       0x14 
 .text          0x00015ec0       0xdc c:/gcc-arm-none-eabi-10.3-2021.10/bin/../lib/gcc/arm-none-eabi/10.3.1/../../../../arm-none-eabi/lib/thumb/v7e-m/nofp\libg.a(lib_a-strlen.o)
                0x00015ec0                strlen
 .text._svfprintf_r
                0x00015f9c     0x1a3c c:/gcc-arm-none-eabi-10.3-2021.10/bin/../lib/gcc/arm-none-eabi/10.3.1/../../../../arm-none-eabi/lib/thumb/v7e-m/nofp\libg.a(lib_a-svfprintf.o)
                0x00015f9c                _svfprintf_r
 .text.__swbuf_r
                0x000179d8       0xb0 c:/gcc-arm-none-eabi-10.3-2021.10/bin/../lib/gcc/arm-none-eabi/10.3.1/../../../../arm-none-eabi/lib/thumb/v7e-m/nofp\libg.a(lib_a-wbuf.o)
                0x000179d8                __swbuf_r
 .text._write_r
                0x00017a88       0x2c c:/gcc-arm-none-eabi-10.3-2021.10/bin/../lib/gcc/arm-none-eabi/10.3.1/../../../../arm-none-eabi/lib/thumb/v7e-m/nofp\libg.a(lib_a-writer.o)
                0x00017a88                _write_r
 .text.__swsetup_r
                0x00017ab4       0xd4 c:/gcc-arm-none-eabi-10.3-2021.10/bin/../lib/gcc/arm-none-eabi/10.3.1/../../../../arm-none-eabi/lib/thumb/v7e-m/nofp\libg.a(lib_a-wsetup.o)
                0x00017ab4                __swsetup_r
 .text.startup.register_fini
                0x00017b88       0x14 c:/gcc-arm-none-eabi-10.3-2021.10/bin/../lib/gcc/arm-none-eabi/10.3.1/../../../../arm-none-eabi/lib/thumb/v7e-m/nofp\libg.a(lib_a-__call_atexit.o)
 .text.atexit   0x00017b9c        0xc c:/gcc-arm-none-eabi-10.3-2021.10/bin/../lib/gcc/arm-none-eabi/10.3.1/../../../../arm-none-eabi/lib/thumb/v7e-m/nofp\libg.a(lib_a-atexit.o)
                0x00017b9c                atexit
 .text.quorem   0x00017ba8      0x124 c:/gcc-arm-none-eabi-10.3-2021.10/bin/../lib/gcc/arm-none-eabi/10.3.1/../../../../arm-none-eabi/lib/thumb/v7e-m/nofp\libg.a(lib_a-dtoa.o)
 *fill*         0x00017ccc        0x4 
 .text._dtoa_r  0x00017cd0      0xec4 c:/gcc-arm-none-eabi-10.3-2021.10/bin/../lib/gcc/arm-none-eabi/10.3.1/../../../../arm-none-eabi/lib/thumb/v7e-m/nofp\libg.a(lib_a-dtoa.o)
                0x00017cd0                _dtoa_r
 .text.__sflush_r
                0x00018b94      0x120 c:/gcc-arm-none-eabi-10.3-2021.10/bin/../lib/gcc/arm-none-eabi/10.3.1/../../../../arm-none-eabi/lib/thumb/v7e-m/nofp\libg.a(lib_a-fflush.o)
                0x00018b94                __sflush_r
 .text._fflush_r
                0x00018cb4       0x5c c:/gcc-arm-none-eabi-10.3-2021.10/bin/../lib/gcc/arm-none-eabi/10.3.1/../../../../arm-none-eabi/lib/thumb/v7e-m/nofp\libg.a(lib_a-fflush.o)
                0x00018cb4                _fflush_r
 .text._cleanup_r
                0x00018d10        0xc c:/gcc-arm-none-eabi-10.3-2021.10/bin/../lib/gcc/arm-none-eabi/10.3.1/../../../../arm-none-eabi/lib/thumb/v7e-m/nofp\libg.a(lib_a-findfp.o)
                0x00018d10                _cleanup_r
 .text.__sinit  0x00018d1c      0x10c c:/gcc-arm-none-eabi-10.3-2021.10/bin/../lib/gcc/arm-none-eabi/10.3.1/../../../../arm-none-eabi/lib/thumb/v7e-m/nofp\libg.a(lib_a-findfp.o)
                0x00018d1c                __sinit
 .text.__sfp_lock_acquire
                0x00018e28        0xc c:/gcc-arm-none-eabi-10.3-2021.10/bin/../lib/gcc/arm-none-eabi/10.3.1/../../../../arm-none-eabi/lib/thumb/v7e-m/nofp\libg.a(lib_a-findfp.o)
                0x00018e28                __sfp_lock_acquire
 .text.__sfp_lock_release
                0x00018e34        0xc c:/gcc-arm-none-eabi-10.3-2021.10/bin/../lib/gcc/arm-none-eabi/10.3.1/../../../../arm-none-eabi/lib/thumb/v7e-m/nofp\libg.a(lib_a-findfp.o)
                0x00018e34                __sfp_lock_release
 .text.__libc_fini_array
                0x00018e40       0x2c c:/gcc-arm-none-eabi-10.3-2021.10/bin/../lib/gcc/arm-none-eabi/10.3.1/../../../../arm-none-eabi/lib/thumb/v7e-m/nofp\libg.a(lib_a-fini.o)
                0x00018e40                __libc_fini_array
 .text._malloc_trim_r
                0x00018e6c       0xa0 c:/gcc-arm-none-eabi-10.3-2021.10/bin/../lib/gcc/arm-none-eabi/10.3.1/../../../../arm-none-eabi/lib/thumb/v7e-m/nofp\libg.a(lib_a-freer.o)
                0x00018e6c                _malloc_trim_r
 .text._free_r  0x00018f0c      0x20c c:/gcc-arm-none-eabi-10.3-2021.10/bin/../lib/gcc/arm-none-eabi/10.3.1/../../../../arm-none-eabi/lib/thumb/v7e-m/nofp\libg.a(lib_a-freer.o)
                0x00018f0c                _free_r
 .text._fwalk_reent
                0x00019118       0x48 c:/gcc-arm-none-eabi-10.3-2021.10/bin/../lib/gcc/arm-none-eabi/10.3.1/../../../../arm-none-eabi/lib/thumb/v7e-m/nofp\libg.a(lib_a-fwalk.o)
                0x00019118                _fwalk_reent
 .text._localeconv_r
                0x00019160        0x8 c:/gcc-arm-none-eabi-10.3-2021.10/bin/../lib/gcc/arm-none-eabi/10.3.1/../../../../arm-none-eabi/lib/thumb/v7e-m/nofp\libg.a(lib_a-localeconv.o)
                0x00019160                _localeconv_r
 .text.__smakebuf_r
                0x00019168       0xe0 c:/gcc-arm-none-eabi-10.3-2021.10/bin/../lib/gcc/arm-none-eabi/10.3.1/../../../../arm-none-eabi/lib/thumb/v7e-m/nofp\libg.a(lib_a-makebuf.o)
                0x00019168                __smakebuf_r
 .text._Balloc  0x00019248       0x4c c:/gcc-arm-none-eabi-10.3-2021.10/bin/../lib/gcc/arm-none-eabi/10.3.1/../../../../arm-none-eabi/lib/thumb/v7e-m/nofp\libg.a(lib_a-mprec.o)
                0x00019248                _Balloc
 .text._Bfree   0x00019294       0x14 c:/gcc-arm-none-eabi-10.3-2021.10/bin/../lib/gcc/arm-none-eabi/10.3.1/../../../../arm-none-eabi/lib/thumb/v7e-m/nofp\libg.a(lib_a-mprec.o)
                0x00019294                _Bfree
 .text.__multadd
                0x000192a8       0xa0 c:/gcc-arm-none-eabi-10.3-2021.10/bin/../lib/gcc/arm-none-eabi/10.3.1/../../../../arm-none-eabi/lib/thumb/v7e-m/nofp\libg.a(lib_a-mprec.o)
                0x000192a8                __multadd
 .text.__hi0bits
                0x00019348       0x40 c:/gcc-arm-none-eabi-10.3-2021.10/bin/../lib/gcc/arm-none-eabi/10.3.1/../../../../arm-none-eabi/lib/thumb/v7e-m/nofp\libg.a(lib_a-mprec.o)
                0x00019348                __hi0bits
 .text.__lo0bits
                0x00019388       0x5c c:/gcc-arm-none-eabi-10.3-2021.10/bin/../lib/gcc/arm-none-eabi/10.3.1/../../../../arm-none-eabi/lib/thumb/v7e-m/nofp\libg.a(lib_a-mprec.o)
                0x00019388                __lo0bits
 .text.__i2b    0x000193e4       0x5c c:/gcc-arm-none-eabi-10.3-2021.10/bin/../lib/gcc/arm-none-eabi/10.3.1/../../../../arm-none-eabi/lib/thumb/v7e-m/nofp\libg.a(lib_a-mprec.o)
                0x000193e4                __i2b
 .text.__multiply
                0x00019440      0x15c c:/gcc-arm-none-eabi-10.3-2021.10/bin/../lib/gcc/arm-none-eabi/10.3.1/../../../../arm-none-eabi/lib/thumb/v7e-m/nofp\libg.a(lib_a-mprec.o)
                0x00019440                __multiply
 .text.__pow5mult
                0x0001959c       0xc0 c:/gcc-arm-none-eabi-10.3-2021.10/bin/../lib/gcc/arm-none-eabi/10.3.1/../../../../arm-none-eabi/lib/thumb/v7e-m/nofp\libg.a(lib_a-mprec.o)
                0x0001959c                __pow5mult
 .text.__lshift
                0x0001965c       0xf0 c:/gcc-arm-none-eabi-10.3-2021.10/bin/../lib/gcc/arm-none-eabi/10.3.1/../../../../arm-none-eabi/lib/thumb/v7e-m/nofp\libg.a(lib_a-mprec.o)
                0x0001965c                __lshift
 .text.__mcmp   0x0001974c       0x40 c:/gcc-arm-none-eabi-10.3-2021.10/bin/../lib/gcc/arm-none-eabi/10.3.1/../../../../arm-none-eabi/lib/thumb/v7e-m/nofp\libg.a(lib_a-mprec.o)
                0x0001974c                __mcmp
 .text.__mdiff  0x0001978c      0x14c c:/gcc-arm-none-eabi-10.3-2021.10/bin/../lib/gcc/arm-none-eabi/10.3.1/../../../../arm-none-eabi/lib/thumb/v7e-m/nofp\libg.a(lib_a-mprec.o)
                0x0001978c                __mdiff
 .text.__d2b    0x000198d8       0xc4 c:/gcc-arm-none-eabi-10.3-2021.10/bin/../lib/gcc/arm-none-eabi/10.3.1/../../../../arm-none-eabi/lib/thumb/v7e-m/nofp\libg.a(lib_a-mprec.o)
                0x000198d8                __d2b
 .text.frexp    0x0001999c       0x70 c:/gcc-arm-none-eabi-10.3-2021.10/bin/../lib/gcc/arm-none-eabi/10.3.1/../../../../arm-none-eabi/lib/thumb/v7e-m/nofp\libg.a(lib_a-s_frexp.o)
                0x0001999c                frexp
 .text.__sread  0x00019a0c       0x24 c:/gcc-arm-none-eabi-10.3-2021.10/bin/../lib/gcc/arm-none-eabi/10.3.1/../../../../arm-none-eabi/lib/thumb/v7e-m/nofp\libg.a(lib_a-stdio.o)
                0x00019a0c                __sread
 .text.__swrite
                0x00019a30       0x40 c:/gcc-arm-none-eabi-10.3-2021.10/bin/../lib/gcc/arm-none-eabi/10.3.1/../../../../arm-none-eabi/lib/thumb/v7e-m/nofp\libg.a(lib_a-stdio.o)
                0x00019a30                __swrite
 .text.__sseek  0x00019a70       0x20 c:/gcc-arm-none-eabi-10.3-2021.10/bin/../lib/gcc/arm-none-eabi/10.3.1/../../../../arm-none-eabi/lib/thumb/v7e-m/nofp\libg.a(lib_a-stdio.o)
                0x00019a70                __sseek
 .text.__sclose
                0x00019a90        0x8 c:/gcc-arm-none-eabi-10.3-2021.10/bin/../lib/gcc/arm-none-eabi/10.3.1/../../../../arm-none-eabi/lib/thumb/v7e-m/nofp\libg.a(lib_a-stdio.o)
                0x00019a90                __sclose
 .text.strncpy  0x00019a98       0x64 c:/gcc-arm-none-eabi-10.3-2021.10/bin/../lib/gcc/arm-none-eabi/10.3.1/../../../../arm-none-eabi/lib/thumb/v7e-m/nofp\libg.a(lib_a-strncpy.o)
                0x00019a98                strncpy
 .text.__ssprint_r
                0x00019afc       0xf8 c:/gcc-arm-none-eabi-10.3-2021.10/bin/../lib/gcc/arm-none-eabi/10.3.1/../../../../arm-none-eabi/lib/thumb/v7e-m/nofp\libg.a(lib_a-svfiprintf.o)
                0x00019afc                __ssprint_r
 .text.__register_exitproc
                0x00019bf4       0x8c c:/gcc-arm-none-eabi-10.3-2021.10/bin/../lib/gcc/arm-none-eabi/10.3.1/../../../../arm-none-eabi/lib/thumb/v7e-m/nofp\libg.a(lib_a-__atexit.o)
                0x00019bf4                __register_exitproc
 .text.__assert_func
                0x00019c80       0x40 c:/gcc-arm-none-eabi-10.3-2021.10/bin/../lib/gcc/arm-none-eabi/10.3.1/../../../../arm-none-eabi/lib/thumb/v7e-m/nofp\libg.a(lib_a-assert.o)
                0x00019c80                __assert_func
 .text._calloc_r
                0x00019cc0       0x78 c:/gcc-arm-none-eabi-10.3-2021.10/bin/../lib/gcc/arm-none-eabi/10.3.1/../../../../arm-none-eabi/lib/thumb/v7e-m/nofp\libg.a(lib_a-callocr.o)
                0x00019cc0                _calloc_r
 .text._close_r
                0x00019d38       0x24 c:/gcc-arm-none-eabi-10.3-2021.10/bin/../lib/gcc/arm-none-eabi/10.3.1/../../../../arm-none-eabi/lib/thumb/v7e-m/nofp\libg.a(lib_a-closer.o)
                0x00019d38                _close_r
 .text.__errno  0x00019d5c        0xc c:/gcc-arm-none-eabi-10.3-2021.10/bin/../lib/gcc/arm-none-eabi/10.3.1/../../../../arm-none-eabi/lib/thumb/v7e-m/nofp\libg.a(lib_a-errno.o)
                0x00019d5c                __errno
 .text._fclose_r
                0x00019d68       0xcc c:/gcc-arm-none-eabi-10.3-2021.10/bin/../lib/gcc/arm-none-eabi/10.3.1/../../../../arm-none-eabi/lib/thumb/v7e-m/nofp\libg.a(lib_a-fclose.o)
                0x00019d68                _fclose_r
 .text.fiprintf
                0x00019e34       0x28 c:/gcc-arm-none-eabi-10.3-2021.10/bin/../lib/gcc/arm-none-eabi/10.3.1/../../../../arm-none-eabi/lib/thumb/v7e-m/nofp\libg.a(lib_a-fiprintf.o)
                0x00019e34                fiprintf
 .text._fstat_r
                0x00019e5c       0x2c c:/gcc-arm-none-eabi-10.3-2021.10/bin/../lib/gcc/arm-none-eabi/10.3.1/../../../../arm-none-eabi/lib/thumb/v7e-m/nofp\libg.a(lib_a-fstatr.o)
                0x00019e5c                _fstat_r
 .text._isatty_r
                0x00019e88       0x24 c:/gcc-arm-none-eabi-10.3-2021.10/bin/../lib/gcc/arm-none-eabi/10.3.1/../../../../arm-none-eabi/lib/thumb/v7e-m/nofp\libg.a(lib_a-isattyr.o)
                0x00019e88                _isatty_r
 .text.__locale_mb_cur_max
                0x00019eac        0xc c:/gcc-arm-none-eabi-10.3-2021.10/bin/../lib/gcc/arm-none-eabi/10.3.1/../../../../arm-none-eabi/lib/thumb/v7e-m/nofp\libg.a(lib_a-locale.o)
                0x00019eac                __locale_mb_cur_max
 .text._lseek_r
                0x00019eb8       0x2c c:/gcc-arm-none-eabi-10.3-2021.10/bin/../lib/gcc/arm-none-eabi/10.3.1/../../../../arm-none-eabi/lib/thumb/v7e-m/nofp\libg.a(lib_a-lseekr.o)
                0x00019eb8                _lseek_r
 .text.__ascii_mbtowc
                0x00019ee4       0x2c c:/gcc-arm-none-eabi-10.3-2021.10/bin/../lib/gcc/arm-none-eabi/10.3.1/../../../../arm-none-eabi/lib/thumb/v7e-m/nofp\libg.a(lib_a-mbtowc_r.o)
                0x00019ee4                __ascii_mbtowc
 .text._read_r  0x00019f10       0x2c c:/gcc-arm-none-eabi-10.3-2021.10/bin/../lib/gcc/arm-none-eabi/10.3.1/../../../../arm-none-eabi/lib/thumb/v7e-m/nofp\libg.a(lib_a-readr.o)
                0x00019f10                _read_r
 .text.__sprint_r.part.0
                0x00019f3c       0x78 c:/gcc-arm-none-eabi-10.3-2021.10/bin/../lib/gcc/arm-none-eabi/10.3.1/../../../../arm-none-eabi/lib/thumb/v7e-m/nofp\libg.a(lib_a-vfiprintf.o)
 .text._vfiprintf_r
                0x00019fb4      0xda0 c:/gcc-arm-none-eabi-10.3-2021.10/bin/../lib/gcc/arm-none-eabi/10.3.1/../../../../arm-none-eabi/lib/thumb/v7e-m/nofp\libg.a(lib_a-vfiprintf.o)
                0x00019fb4                _vfiprintf_r
 .text.__sbprintf
                0x0001ad54       0x80 c:/gcc-arm-none-eabi-10.3-2021.10/bin/../lib/gcc/arm-none-eabi/10.3.1/../../../../arm-none-eabi/lib/thumb/v7e-m/nofp\libg.a(lib_a-vfiprintf.o)
 .text.__ascii_wctomb
                0x0001add4       0x1c c:/gcc-arm-none-eabi-10.3-2021.10/bin/../lib/gcc/arm-none-eabi/10.3.1/../../../../arm-none-eabi/lib/thumb/v7e-m/nofp\libg.a(lib_a-wctomb_r.o)
                0x0001add4                __ascii_wctomb
 .text.__fputwc
                0x0001adf0       0xa8 c:/gcc-arm-none-eabi-10.3-2021.10/bin/../lib/gcc/arm-none-eabi/10.3.1/../../../../arm-none-eabi/lib/thumb/v7e-m/nofp\libg.a(lib_a-fputwc.o)
                0x0001adf0                __fputwc
 .text._fputwc_r
                0x0001ae98       0x68 c:/gcc-arm-none-eabi-10.3-2021.10/bin/../lib/gcc/arm-none-eabi/10.3.1/../../../../arm-none-eabi/lib/thumb/v7e-m/nofp\libg.a(lib_a-fputwc.o)
                0x0001ae98                _fputwc_r
 .text._wcrtomb_r
                0x0001af00       0x3c c:/gcc-arm-none-eabi-10.3-2021.10/bin/../lib/gcc/arm-none-eabi/10.3.1/../../../../arm-none-eabi/lib/thumb/v7e-m/nofp\libg.a(lib_a-wcrtomb.o)
                0x0001af00                _wcrtomb_r
 .text          0x0001af3c       0x2c c:/gcc-arm-none-eabi-10.3-2021.10/bin/../lib/gcc/arm-none-eabi/10.3.1/thumb/v7e-m/nofp\libgcc.a(_arm_unorddf2.o)
                0x0001af3c                __unorddf2
                0x0001af3c                __aeabi_dcmpun
 .text          0x0001af68       0x30 c:/gcc-arm-none-eabi-10.3-2021.10/bin/../lib/gcc/arm-none-eabi/10.3.1/thumb/v7e-m/nofp\libgcc.a(_aeabi_uldivmod.o)
                0x0001af68                __aeabi_uldivmod
 .text          0x0001af98      0x2d0 c:/gcc-arm-none-eabi-10.3-2021.10/bin/../lib/gcc/arm-none-eabi/10.3.1/thumb/v7e-m/nofp\libgcc.a(_udivmoddi4.o)
                0x0001af98                __udivmoddi4
 .text          0x0001b268        0x4 c:/gcc-arm-none-eabi-10.3-2021.10/bin/../lib/gcc/arm-none-eabi/10.3.1/thumb/v7e-m/nofp\libgcc.a(_dvmd_tls.o)
                0x0001b268                __aeabi_idiv0
                0x0001b268                __aeabi_ldiv0
 .text._close   0x0001b26c       0x10 c:/gcc-arm-none-eabi-10.3-2021.10/bin/../lib/gcc/arm-none-eabi/10.3.1/../../../../arm-none-eabi/lib/thumb/v7e-m/nofp\libnosys.a(close.o)
                0x0001b26c                _close
 .text._fstat   0x0001b27c       0x10 c:/gcc-arm-none-eabi-10.3-2021.10/bin/../lib/gcc/arm-none-eabi/10.3.1/../../../../arm-none-eabi/lib/thumb/v7e-m/nofp\libnosys.a(fstat.o)
                0x0001b27c                _fstat
 .text._getpid  0x0001b28c       0x10 c:/gcc-arm-none-eabi-10.3-2021.10/bin/../lib/gcc/arm-none-eabi/10.3.1/../../../../arm-none-eabi/lib/thumb/v7e-m/nofp\libnosys.a(getpid.o)
                0x0001b28c                _getpid
 .text._isatty  0x0001b29c       0x10 c:/gcc-arm-none-eabi-10.3-2021.10/bin/../lib/gcc/arm-none-eabi/10.3.1/../../../../arm-none-eabi/lib/thumb/v7e-m/nofp\libnosys.a(isatty.o)
                0x0001b29c                _isatty
 .text._kill    0x0001b2ac       0x10 c:/gcc-arm-none-eabi-10.3-2021.10/bin/../lib/gcc/arm-none-eabi/10.3.1/../../../../arm-none-eabi/lib/thumb/v7e-m/nofp\libnosys.a(kill.o)
                0x0001b2ac                _kill
 .text._lseek   0x0001b2bc       0x10 c:/gcc-arm-none-eabi-10.3-2021.10/bin/../lib/gcc/arm-none-eabi/10.3.1/../../../../arm-none-eabi/lib/thumb/v7e-m/nofp\libnosys.a(lseek.o)
                0x0001b2bc                _lseek
 .text._read    0x0001b2cc       0x10 c:/gcc-arm-none-eabi-10.3-2021.10/bin/../lib/gcc/arm-none-eabi/10.3.1/../../../../arm-none-eabi/lib/thumb/v7e-m/nofp\libnosys.a(read.o)
                0x0001b2cc                _read
 .text._sbrk    0x0001b2dc       0x1c c:/gcc-arm-none-eabi-10.3-2021.10/bin/../lib/gcc/arm-none-eabi/10.3.1/../../../../arm-none-eabi/lib/thumb/v7e-m/nofp\libnosys.a(sbrk.o)
                0x0001b2dc                _sbrk
 .text._write   0x0001b2f8       0x10 c:/gcc-arm-none-eabi-10.3-2021.10/bin/../lib/gcc/arm-none-eabi/10.3.1/../../../../arm-none-eabi/lib/thumb/v7e-m/nofp\libnosys.a(write.o)
                0x0001b2f8                _write
 .text._exit    0x0001b308        0x4 c:/gcc-arm-none-eabi-10.3-2021.10/bin/../lib/gcc/arm-none-eabi/10.3.1/../../../../arm-none-eabi/lib/thumb/v7e-m/nofp\libnosys.a(_exit.o)
                0x0001b308                _exit
 *(.rodata .rodata.* .constdata .constdata.*)
 .rodata        0x0001b30c       0x7d ../main.o
 *fill*         0x0001b389        0x3 
 .rodata.K60_SDHC0_init
                0x0001b38c        0xc Drivers/SDHC.o
                0x0001b38c                K60_SDHC0_init
 .rodata._ZL21ESDHC_COMMAND_XFERTYP
                0x0001b398      0x100 Drivers/SDHC.o
 .rodata._ZL9GPIOPorts
                0x0001b498       0x20 Libraries/FEHIO.o
 .rodata._ZL10ADCNumbers
                0x0001b4b8       0x21 Libraries/FEHIO.o
 *fill*         0x0001b4d9        0x3 
 .rodata._ZL14GPIOPinNumbers
                0x0001b4dc       0x80 Libraries/FEHIO.o
 .rodata._ZL16AnalogPinNumbers
                0x0001b55c       0x84 Libraries/FEHIO.o
 .rodata        0x0001b5e0       0x78 Libraries/FEHIO.o
 .rodata        0x0001b658       0x32 Libraries/FEHLCD.o
 *fill*         0x0001b68a        0x2 
 .rodata        0x0001b68c      0x3f4 Libraries/FEHRCS.o
 .rodata._global_impure_ptr
                0x0001ba80        0x4 c:/gcc-arm-none-eabi-10.3-2021.10/bin/../lib/gcc/arm-none-eabi/10.3.1/../../../../arm-none-eabi/lib/thumb/v7e-m/nofp\libg.a(lib_a-impure.o)
                0x0001ba80                _global_impure_ptr
 .rodata._svfprintf_r.str1.4
                0x0001ba84       0x42 c:/gcc-arm-none-eabi-10.3-2021.10/bin/../lib/gcc/arm-none-eabi/10.3.1/../../../../arm-none-eabi/lib/thumb/v7e-m/nofp\libg.a(lib_a-svfprintf.o)
 *fill*         0x0001bac6        0x2 
 .rodata.blanks.1
                0x0001bac8       0x10 c:/gcc-arm-none-eabi-10.3-2021.10/bin/../lib/gcc/arm-none-eabi/10.3.1/../../../../arm-none-eabi/lib/thumb/v7e-m/nofp\libg.a(lib_a-svfprintf.o)
 .rodata.zeroes.0
                0x0001bad8       0x10 c:/gcc-arm-none-eabi-10.3-2021.10/bin/../lib/gcc/arm-none-eabi/10.3.1/../../../../arm-none-eabi/lib/thumb/v7e-m/nofp\libg.a(lib_a-svfprintf.o)
 .rodata._dtoa_r.str1.4
                0x0001bae8       0xa2 c:/gcc-arm-none-eabi-10.3-2021.10/bin/../lib/gcc/arm-none-eabi/10.3.1/../../../../arm-none-eabi/lib/thumb/v7e-m/nofp\libg.a(lib_a-dtoa.o)
                                 0xa6 (size before relaxing)
 *fill*         0x0001bb8a        0x2 
 .rodata.__multadd.str1.4
                0x0001bb8c       0x7f c:/gcc-arm-none-eabi-10.3-2021.10/bin/../lib/gcc/arm-none-eabi/10.3.1/../../../../arm-none-eabi/lib/thumb/v7e-m/nofp\libg.a(lib_a-mprec.o)
                                 0x93 (size before relaxing)
 *fill*         0x0001bc0b        0x5 
 .rodata.__mprec_bigtens
                0x0001bc10       0x28 c:/gcc-arm-none-eabi-10.3-2021.10/bin/../lib/gcc/arm-none-eabi/10.3.1/../../../../arm-none-eabi/lib/thumb/v7e-m/nofp\libg.a(lib_a-mprec.o)
                0x0001bc10                __mprec_bigtens
 .rodata.__mprec_tens
                0x0001bc38       0xc8 c:/gcc-arm-none-eabi-10.3-2021.10/bin/../lib/gcc/arm-none-eabi/10.3.1/../../../../arm-none-eabi/lib/thumb/v7e-m/nofp\libg.a(lib_a-mprec.o)
                0x0001bc38                __mprec_tens
 .rodata.p05.0  0x0001bd00        0xc c:/gcc-arm-none-eabi-10.3-2021.10/bin/../lib/gcc/arm-none-eabi/10.3.1/../../../../arm-none-eabi/lib/thumb/v7e-m/nofp\libg.a(lib_a-mprec.o)
 .rodata.__assert_func.str1.4
                0x0001bd0c       0x3f c:/gcc-arm-none-eabi-10.3-2021.10/bin/../lib/gcc/arm-none-eabi/10.3.1/../../../../arm-none-eabi/lib/thumb/v7e-m/nofp\libg.a(lib_a-assert.o)
                                 0x43 (size before relaxing)
 *fill*         0x0001bd4b        0x1 
 .rodata._ctype_
                0x0001bd4c      0x101 c:/gcc-arm-none-eabi-10.3-2021.10/bin/../lib/gcc/arm-none-eabi/10.3.1/../../../../arm-none-eabi/lib/thumb/v7e-m/nofp\libg.a(lib_a-ctype_.o)
                0x0001bd4c                _ctype_
 *fill*         0x0001be4d        0x3 
 .rodata._setlocale_r.str1.4
                0x0001be50        0xa c:/gcc-arm-none-eabi-10.3-2021.10/bin/../lib/gcc/arm-none-eabi/10.3.1/../../../../arm-none-eabi/lib/thumb/v7e-m/nofp\libg.a(lib_a-locale.o)
                                  0xd (size before relaxing)
 *fill*         0x0001be5a        0x2 
 .rodata.str1.4
                0x0001be5c        0x2 c:/gcc-arm-none-eabi-10.3-2021.10/bin/../lib/gcc/arm-none-eabi/10.3.1/../../../../arm-none-eabi/lib/thumb/v7e-m/nofp\libg.a(lib_a-locale.o)
 .rodata._vfiprintf_r.str1.4
                0x0001be5e       0x2f c:/gcc-arm-none-eabi-10.3-2021.10/bin/../lib/gcc/arm-none-eabi/10.3.1/../../../../arm-none-eabi/lib/thumb/v7e-m/nofp\libg.a(lib_a-vfiprintf.o)
 *fill*         0x0001be5e        0x2 
 .rodata.blanks.1
                0x0001be60       0x10 c:/gcc-arm-none-eabi-10.3-2021.10/bin/../lib/gcc/arm-none-eabi/10.3.1/../../../../arm-none-eabi/lib/thumb/v7e-m/nofp\libg.a(lib_a-vfiprintf.o)
 .rodata.zeroes.0
                0x0001be70       0x10 c:/gcc-arm-none-eabi-10.3-2021.10/bin/../lib/gcc/arm-none-eabi/10.3.1/../../../../arm-none-eabi/lib/thumb/v7e-m/nofp\libg.a(lib_a-vfiprintf.o)
                0x0001be80                . = ALIGN (0x4)
                0x0001be80                . = ALIGN (0x4)
 *(.init)
 .init          0x0001be80        0x4 c:/gcc-arm-none-eabi-10.3-2021.10/bin/../lib/gcc/arm-none-eabi/10.3.1/thumb/v7e-m/nofp/crti.o
                0x0001be80                _init
 .init          0x0001be84        0x8 c:/gcc-arm-none-eabi-10.3-2021.10/bin/../lib/gcc/arm-none-eabi/10.3.1/thumb/v7e-m/nofp/crtn.o
                0x0001be8c                . = ALIGN (0x4)
                0x0001be8c                __preinit_array_start = .
 *(.preinit_array)
                0x0001be8c                __preinit_array_end = .
                0x0001be8c                . = ALIGN (0x4)
                0x0001be8c                __init_array_start = .
 *(SORT_BY_NAME(.init_array.*))
 .init_array.00000
                0x0001be8c        0x4 c:/gcc-arm-none-eabi-10.3-2021.10/bin/../lib/gcc/arm-none-eabi/10.3.1/../../../../arm-none-eabi/lib/thumb/v7e-m/nofp\libg.a(lib_a-__call_atexit.o)
 *(.init_array)
 .init_array    0x0001be90        0x4 c:/gcc-arm-none-eabi-10.3-2021.10/bin/../lib/gcc/arm-none-eabi/10.3.1/thumb/v7e-m/nofp/crtbegin.o
 .init_array    0x0001be94        0x4 ../main.o
 .init_array    0x0001be98        0x4 FEHProteus.o
 .init_array    0x0001be9c        0x4 Libraries/FEHBuzzer.o
 .init_array    0x0001bea0        0x4 Libraries/FEHLCD.o
 .init_array    0x0001bea4        0x4 Libraries/FEHAccel.o
 .init_array    0x0001bea8        0x4 Libraries/FEHBattery.o
 .init_array    0x0001beac        0x4 Libraries/FEHRCS.o
 .init_array    0x0001beb0        0x4 Libraries/FEHSD.o
 .init_array    0x0001beb4        0x4 c:/gcc-arm-none-eabi-10.3-2021.10/bin/../lib/gcc/arm-none-eabi/10.3.1/../../../../arm-none-eabi/lib/thumb/v7e-m/nofp\libstdc++.a(eh_alloc.o)
                0x0001beb8                __init_array_end = .
 *(.fini)
 .fini          0x0001beb8        0x4 c:/gcc-arm-none-eabi-10.3-2021.10/bin/../lib/gcc/arm-none-eabi/10.3.1/thumb/v7e-m/nofp/crti.o
                0x0001beb8                _fini
 .fini          0x0001bebc        0x8 c:/gcc-arm-none-eabi-10.3-2021.10/bin/../lib/gcc/arm-none-eabi/10.3.1/thumb/v7e-m/nofp/crtn.o
                0x0001bec4                . = ALIGN (0x4)
 *crtbegin.o(.ctors)
 *(EXCLUDE_FILE(*crtend.o) .ctors)
 *(SORT_BY_NAME(.ctors.*))
 *crtend.o(.ctors)
                0x0001bec4                . = ALIGN (0x4)
 *crtbegin.o(.dtors)
 *(EXCLUDE_FILE(*crtend.o) .dtors)
 *(SORT_BY_NAME(.dtors.*))
 *crtend.o(.dtors)
                0x0001bec4                . = ALIGN (0x4)

.ARM.extab
 *(.ARM.extab* .gnu.linkonce.armextab.*)
                0x0001bec4                __exidx_start = .

.ARM.exidx      0x0001bec4        0x8
 *(.ARM.exidx* .gnu.linkonce.armexidx.*)
 .ARM.exidx.text.startup._GLOBAL__sub_I__ZN9__gnu_cxx9__freeresEv
                0x0001bec4        0x8 c:/gcc-arm-none-eabi-10.3-2021.10/bin/../lib/gcc/arm-none-eabi/10.3.1/../../../../arm-none-eabi/lib/thumb/v7e-m/nofp\libstdc++.a(eh_alloc.o)
 .ARM.exidx     0x0001becc        0x0 c:/gcc-arm-none-eabi-10.3-2021.10/bin/../lib/gcc/arm-none-eabi/10.3.1/thumb/v7e-m/nofp\libgcc.a(_udivmoddi4.o)
                                  0x8 (size before relaxing)
                0x0001becc                __exidx_end = .
                0x0001becc                _etext = .

.rel.dyn        0x0001becc        0x0
 .rel.iplt      0x0001becc        0x0 c:/gcc-arm-none-eabi-10.3-2021.10/bin/../lib/gcc/arm-none-eabi/10.3.1/thumb/v7e-m/nofp/crtbegin.o

.m_usb_data
 *(m_usb_bdt)

.data_RAM2      0x1fff0000        0x0 load address 0x0001becc
 FILL mask 0xff
                [!provide]                PROVIDE (__start_data_RAM2 = .)
 *(.ramfunc.$RAM2)
 *(.ramfunc.$SRAM_LOWER)
 *(.EXTRA_RAM)
 *(.data.$RAM2)
 *(.data.$SRAM_LOWER)
 *(.data.$RAM2.*)
 *(.data.$SRAM_LOWER.*)
                0x1fff0000                . = ALIGN (0x4)
                [!provide]                PROVIDE (__end_data_RAM2 = .)

.uninit_RESERVED
                0x20000000        0x0
                0x20000000                . = ALIGN (0x4)
 *(.bss.$RESERVED*)
                0x20000000                . = ALIGN (0x4)
                0x20000000                _end_uninit_RESERVED = .

.data           0x20000000     0x16c8 load address 0x0001becc
 FILL mask 0xff
                0x20000000                _data = .
 *(vtable)
 *(.ramfunc*)
 *(CodeQuickAccess)
 *(DataQuickAccess)
 *(RamFunction)
 *(.data*)
 .data._ZL4Stat
                0x20000000        0x1 Drivers/SDHC.o
 *fill*         0x20000001        0x3 ff
 .data.image    0x20000004      0x74e Libraries/FEHLCD.o
                0x20000004                image
 *fill*         0x20000752        0x2 ff
 .data.logo     0x20000754      0x3e6 Libraries/FEHLCD.o
                0x20000754                logo
 *fill*         0x20000b3a        0x2 ff
 .data._ZN6FEHLCD8fontDataE
                0x20000b3c      0x1e0 Libraries/FEHLCD.o
                0x20000b3c                FEHLCD::fontData
 .data._impure_ptr
                0x20000d1c        0x4 c:/gcc-arm-none-eabi-10.3-2021.10/bin/../lib/gcc/arm-none-eabi/10.3.1/../../../../arm-none-eabi/lib/thumb/v7e-m/nofp\libg.a(lib_a-impure.o)
                0x20000d1c                _impure_ptr
 .data.impure_data
                0x20000d20      0x428 c:/gcc-arm-none-eabi-10.3-2021.10/bin/../lib/gcc/arm-none-eabi/10.3.1/../../../../arm-none-eabi/lib/thumb/v7e-m/nofp\libg.a(lib_a-impure.o)
 .data.__malloc_av_
                0x20001148      0x408 c:/gcc-arm-none-eabi-10.3-2021.10/bin/../lib/gcc/arm-none-eabi/10.3.1/../../../../arm-none-eabi/lib/thumb/v7e-m/nofp\libg.a(lib_a-mallocr.o)
                0x20001148                __malloc_av_
 .data.__malloc_sbrk_base
                0x20001550        0x4 c:/gcc-arm-none-eabi-10.3-2021.10/bin/../lib/gcc/arm-none-eabi/10.3.1/../../../../arm-none-eabi/lib/thumb/v7e-m/nofp\libg.a(lib_a-mallocr.o)
                0x20001550                __malloc_sbrk_base
 .data.__malloc_trim_threshold
                0x20001554        0x4 c:/gcc-arm-none-eabi-10.3-2021.10/bin/../lib/gcc/arm-none-eabi/10.3.1/../../../../arm-none-eabi/lib/thumb/v7e-m/nofp\libg.a(lib_a-mallocr.o)